
 Start  Stop   Length Name               Class

 00000H 02519H 0251AH _TEXT              CODE
 0251AH 02789H 00270H TEST_TEXT          CODE
 0278AH 0285FH 000D6H OS_CPU_A_TEXT      CODE
 02860H 02A35H 001D6H OS_CPU_C_TEXT      CODE
 02A36H 02DB2H 0037DH PC_TEXT            CODE
 02DB3H 066F9H 03947H UCOS_II_TEXT       CODE
 06700H 06700H 00000H _FARDATA           FAR_DATA
 06700H 06700H 00000H _FARBSS            FAR_BSS
 06700H 06700H 00000H _OVERLAY_          OVRINFO
 06700H 06700H 00000H _1STUB_            STUBSEG
 06700H 06BCBH 004CCH _DATA              DATA
 06BCCH 06BCDH 00002H _CVTSEG            DATA
 06BCEH 06BD3H 00006H _SCNSEG            DATA
 06BD4H 06BD4H 00000H _CONST             CONST
 06BD4H 06BDFH 0000CH _INIT_             INITDATA
 06BE0H 06BE0H 00000H _INITEND_          INITDATA
 06BE0H 06BE0H 00000H _EXIT_             EXITDATA
 06BE0H 06BE0H 00000H _EXITEND_          EXITDATA
 06BE0H 088C9H 01CEAH _BSS               BSS
 088CAH 088CAH 00000H _BSSEND            BSSEND
 088D0H 0894FH 00080H _STACK             STACK


Detailed map of segments

 0000:0000 0295 C=CODE   S=_TEXT          G=(none)  M=c0.ASM     ACBP=28
 0000:0295 002D C=CODE   S=_TEXT          G=(none)  M=ATEXIT     ACBP=28
 0000:02C2 0093 C=CODE   S=_TEXT          G=(none)  M=EXIT       ACBP=28
 0000:0355 0000 C=CODE   S=_TEXT          G=(none)  M=FILES      ACBP=28
 0000:0355 0000 C=CODE   S=_TEXT          G=(none)  M=FILES2     ACBP=28
 0000:0355 0017 C=CODE   S=_TEXT          G=(none)  M=F_LXMUL    ACBP=28
 0000:036C 0026 C=CODE   S=_TEXT          G=(none)  M=GETDATE    ACBP=28
 0000:0392 00AE C=CODE   S=_TEXT          G=(none)  M=H_LDIV     ACBP=28
 0000:0440 0021 C=CODE   S=_TEXT          G=(none)  M=H_LLSH     ACBP=28
 0000:0461 0021 C=CODE   S=_TEXT          G=(none)  M=H_LURSH    ACBP=28
 0000:0482 0060 C=CODE   S=_TEXT          G=(none)  M=H_PADD     ACBP=28
 0000:04E2 004B C=CODE   S=_TEXT          G=(none)  M=IOERROR    ACBP=28
 0000:052D 0011 C=CODE   S=_TEXT          G=(none)  M=ISATTY     ACBP=28
 0000:053E 00A2 C=CODE   S=_TEXT          G=(none)  M=LONGTOA    ACBP=28
 0000:05E0 0029 C=CODE   S=_TEXT          G=(none)  M=LSEEK      ACBP=28
 0000:0609 0021 C=CODE   S=_TEXT          G=(none)  M=N_PCMP     ACBP=28
 0000:062A 00BA C=CODE   S=_TEXT          G=(none)  M=SETUPIO    ACBP=28
 0000:06E4 0000 C=CODE   S=_TEXT          G=(none)  M=STKLEN     ACBP=28
 0000:06E4 04DB C=CODE   S=_TEXT          G=(none)  M=VPRINTER   ACBP=28
 0000:0BBF 009F C=CODE   S=_TEXT          G=(none)  M=VRAM       ACBP=28
 0000:0C5E 0000 C=CODE   S=_TEXT          G=(none)  M=WSCROLL    ACBP=28
 0000:0C5E 014E C=CODE   S=_TEXT          G=(none)  M=CPRINTF    ACBP=28
 0000:0DAC 01A5 C=CODE   S=_TEXT          G=(none)  M=CRTINIT    ACBP=28
 0000:0F51 001F C=CODE   S=_TEXT          G=(none)  M=CVTFAK     ACBP=28
 0000:0F70 0432 C=CODE   S=_TEXT          G=(none)  M=FARHEAP    ACBP=28
 0000:13A2 0140 C=CODE   S=_TEXT          G=(none)  M=FBRK       ACBP=28
 0000:14E2 005E C=CODE   S=_TEXT          G=(none)  M=GETCH      ACBP=28
 0000:1540 00AC C=CODE   S=_TEXT          G=(none)  M=GPTEXT     ACBP=28
 0000:15EC 0012 C=CODE   S=_TEXT          G=(none)  M=KBHIT      ACBP=28
 0000:15FE 009D C=CODE   S=_TEXT          G=(none)  M=MOVETEXT   ACBP=28
 0000:169B 0017 C=CODE   S=_TEXT          G=(none)  M=PUTCH      ACBP=28
 0000:16B2 0004 C=CODE   S=_TEXT          G=(none)  M=REALCVT    ACBP=28
 0000:16B6 01C7 C=CODE   S=_TEXT          G=(none)  M=SCREEN     ACBP=28
 0000:187D 018E C=CODE   S=_TEXT          G=(none)  M=SCROLL     ACBP=28
 0000:1A0B 001C C=CODE   S=_TEXT          G=(none)  M=SETBLOCK   ACBP=28
 0000:1A27 006A C=CODE   S=_TEXT          G=(none)  M=SETJMP     ACBP=28
 0000:1A91 002C C=CODE   S=_TEXT          G=(none)  M=WHEREXY    ACBP=28
 0000:1ABD 00CD C=CODE   S=_TEXT          G=(none)  M=FFLUSH     ACBP=28
 0000:1B8A 0042 C=CODE   S=_TEXT          G=(none)  M=FLUSHALL   ACBP=28
 0000:1BCC 01E2 C=CODE   S=_TEXT          G=(none)  M=FSEEK      ACBP=28
 0000:1DAE 0024 C=CODE   S=_TEXT          G=(none)  M=MEMCPY     ACBP=28
 0000:1DD2 001B C=CODE   S=_TEXT          G=(none)  M=PRINTF     ACBP=28
 0000:1DED 03C8 C=CODE   S=_TEXT          G=(none)  M=PUTC       ACBP=28
 0000:21B5 011D C=CODE   S=_TEXT          G=(none)  M=SETVBUF    ACBP=28
 0000:22D2 0083 C=CODE   S=_TEXT          G=(none)  M=SPRINTF    ACBP=28
 0000:2355 0151 C=CODE   S=_TEXT          G=(none)  M=WRITE      ACBP=28
 0000:24A6 003C C=CODE   S=_TEXT          G=(none)  M=WRITEA     ACBP=28
 0000:24E2 0038 C=CODE   S=_TEXT          G=(none)  M=XFFLUSH    ACBP=28
 0251:000A 0270 C=CODE   S=TEST_TEXT      G=(none)  M=test.c     ACBP=28
 0278:000A 00D6 C=CODE   S=OS_CPU_A_TEXT  G=(none)  M=\SOFTWARE\uCOS-II\Ix86L\BC45\OS_CPU_A.ASM ACBP=48
 0286:0000 01D6 C=CODE   S=OS_CPU_C_TEXT  G=(none)  M=os_cpu_c.c ACBP=28
 02A3:0006 037D C=CODE   S=PC_TEXT        G=(none)  M=pc.c       ACBP=28
 02DB:0003 3947 C=CODE   S=UCOS_II_TEXT   G=(none)  M=ucos_ii.c  ACBP=28
 0670:0000 0000 C=FAR_DATA S=_FARDATA       G=(none)  M=c0.ASM     ACBP=68
 0670:0000 0000 C=FAR_BSS S=_FARBSS        G=(none)  M=c0.ASM     ACBP=68
 0670:0000 0000 C=OVRINFO S=_OVERLAY_      G=(none)  M=c0.ASM     ACBP=68
 0670:0000 0000 C=STUBSEG S=_1STUB_        G=(none)  M=c0.ASM     ACBP=68
 0670:0000 0093 C=DATA   S=_DATA          G=DGROUP  M=c0.ASM     ACBP=68
 0670:0094 002C C=DATA   S=_DATA          G=DGROUP  M=test.c     ACBP=48
 0670:00C0 0000 C=DATA   S=_DATA          G=DGROUP  M=\SOFTWARE\uCOS-II\Ix86L\BC45\OS_CPU_A.ASM ACBP=48
 0670:00C0 0000 C=DATA   S=_DATA          G=DGROUP  M=os_cpu_c.c ACBP=48
 0670:00C0 001F C=DATA   S=_DATA          G=DGROUP  M=pc.c       ACBP=48
 0670:00E0 0108 C=DATA   S=_DATA          G=DGROUP  M=ucos_ii.c  ACBP=48
 0670:01E8 0002 C=DATA   S=_DATA          G=DGROUP  M=ATEXIT     ACBP=48
 0670:01EA 000C C=DATA   S=_DATA          G=DGROUP  M=EXIT       ACBP=48
 0670:01F6 0190 C=DATA   S=_DATA          G=DGROUP  M=FILES      ACBP=48
 0670:0386 002A C=DATA   S=_DATA          G=DGROUP  M=FILES2     ACBP=48
 0670:03B0 0000 C=DATA   S=_DATA          G=DGROUP  M=F_LXMUL    ACBP=48
 0670:03B0 0000 C=DATA   S=_DATA          G=DGROUP  M=GETDATE    ACBP=48
 0670:03B0 0000 C=DATA   S=_DATA          G=DGROUP  M=H_LDIV     ACBP=48
 0670:03B0 0000 C=DATA   S=_DATA          G=DGROUP  M=H_LLSH     ACBP=48
 0670:03B0 0000 C=DATA   S=_DATA          G=DGROUP  M=H_LURSH    ACBP=48
 0670:03B0 0000 C=DATA   S=_DATA          G=DGROUP  M=H_PADD     ACBP=48
 0670:03B0 005B C=DATA   S=_DATA          G=DGROUP  M=IOERROR    ACBP=48
 0670:040C 0000 C=DATA   S=_DATA          G=DGROUP  M=ISATTY     ACBP=48
 0670:040C 0000 C=DATA   S=_DATA          G=DGROUP  M=LONGTOA    ACBP=48
 0670:040C 0000 C=DATA   S=_DATA          G=DGROUP  M=LSEEK      ACBP=48
 0670:040C 0000 C=DATA   S=_DATA          G=DGROUP  M=N_PCMP     ACBP=48
 0670:040C 0000 C=DATA   S=_DATA          G=DGROUP  M=SETUPIO    ACBP=48
 0670:040C 0002 C=DATA   S=_DATA          G=DGROUP  M=STKLEN     ACBP=48
 0670:040E 0067 C=DATA   S=_DATA          G=DGROUP  M=VPRINTER   ACBP=48
 0670:0476 0000 C=DATA   S=_DATA          G=DGROUP  M=VRAM       ACBP=48
 0670:0476 0002 C=DATA   S=_DATA          G=DGROUP  M=WSCROLL    ACBP=48
 0670:0478 0000 C=DATA   S=_DATA          G=DGROUP  M=CPRINTF    ACBP=48
 0670:0478 0018 C=DATA   S=_DATA          G=DGROUP  M=CRTINIT    ACBP=48
 0670:0490 0031 C=DATA   S=_DATA          G=DGROUP  M=CVTFAK     ACBP=48
 0670:04C2 0000 C=DATA   S=_DATA          G=DGROUP  M=FARHEAP    ACBP=48
 0670:04C2 0002 C=DATA   S=_DATA          G=DGROUP  M=FBRK       ACBP=48
 0670:04C4 0000 C=DATA   S=_DATA          G=DGROUP  M=GETCH      ACBP=48
 0670:04C4 0000 C=DATA   S=_DATA          G=DGROUP  M=GPTEXT     ACBP=48
 0670:04C4 0002 C=DATA   S=_DATA          G=DGROUP  M=KBHIT      ACBP=48
 0670:04C6 0000 C=DATA   S=_DATA          G=DGROUP  M=MOVETEXT   ACBP=48
 0670:04C6 0000 C=DATA   S=_DATA          G=DGROUP  M=PUTCH      ACBP=48
 0670:04C6 0000 C=DATA   S=_DATA          G=DGROUP  M=REALCVT    ACBP=48
 0670:04C6 0000 C=DATA   S=_DATA          G=DGROUP  M=SCREEN     ACBP=48
 0670:04C6 0000 C=DATA   S=_DATA          G=DGROUP  M=SCROLL     ACBP=48
 0670:04C6 0000 C=DATA   S=_DATA          G=DGROUP  M=SETBLOCK   ACBP=48
 0670:04C6 0000 C=DATA   S=_DATA          G=DGROUP  M=SETJMP     ACBP=48
 0670:04C6 0000 C=DATA   S=_DATA          G=DGROUP  M=WHEREXY    ACBP=48
 0670:04C6 0000 C=DATA   S=_DATA          G=DGROUP  M=FFLUSH     ACBP=48
 0670:04C6 0000 C=DATA   S=_DATA          G=DGROUP  M=FLUSHALL   ACBP=48
 0670:04C6 0000 C=DATA   S=_DATA          G=DGROUP  M=FSEEK      ACBP=48
 0670:04C6 0000 C=DATA   S=_DATA          G=DGROUP  M=MEMCPY     ACBP=48
 0670:04C6 0000 C=DATA   S=_DATA          G=DGROUP  M=PRINTF     ACBP=48
 0670:04C6 0001 C=DATA   S=_DATA          G=DGROUP  M=PUTC       ACBP=48
 0670:04C8 0004 C=DATA   S=_DATA          G=DGROUP  M=SETVBUF    ACBP=48
 0670:04CC 0000 C=DATA   S=_DATA          G=DGROUP  M=SPRINTF    ACBP=48
 0670:04CC 0000 C=DATA   S=_DATA          G=DGROUP  M=WRITE      ACBP=48
 0670:04CC 0000 C=DATA   S=_DATA          G=DGROUP  M=WRITEA     ACBP=48
 0670:04CC 0000 C=DATA   S=_DATA          G=DGROUP  M=XFFLUSH    ACBP=48
 0670:04CC 0000 C=DATA   S=_CVTSEG        G=DGROUP  M=c0.ASM     ACBP=48
 0670:04CC 0002 C=DATA   S=_CVTSEG        G=DGROUP  M=CVTFAK     ACBP=48
 0670:04CE 0000 C=DATA   S=_CVTSEG        G=DGROUP  M=REALCVT    ACBP=48
 0670:04CE 0000 C=DATA   S=_SCNSEG        G=DGROUP  M=c0.ASM     ACBP=48
 0670:04CE 0006 C=DATA   S=_SCNSEG        G=DGROUP  M=CVTFAK     ACBP=48
 0670:04D4 0000 C=CONST  S=_CONST         G=DGROUP  M=c0.ASM     ACBP=48
 0670:04D4 0000 C=INITDATA S=_INIT_         G=DGROUP  M=c0.ASM     ACBP=48
 0670:04D4 0006 C=INITDATA S=_INIT_         G=DGROUP  M=SETUPIO    ACBP=48
 0670:04DA 0006 C=INITDATA S=_INIT_         G=DGROUP  M=CRTINIT    ACBP=48
 0670:04E0 0000 C=INITDATA S=_INITEND_      G=DGROUP  M=c0.ASM     ACBP=28
 0670:04E0 0000 C=EXITDATA S=_EXIT_         G=DGROUP  M=c0.ASM     ACBP=48
 0670:04E0 0000 C=EXITDATA S=_EXITEND_      G=DGROUP  M=c0.ASM     ACBP=28
 0670:04E0 0000 C=BSS    S=_BSS           G=DGROUP  M=c0.ASM     ACBP=48
 0670:04E0 1074 C=BSS    S=_BSS           G=DGROUP  M=test.c     ACBP=48
 0670:1554 0001 C=BSS    S=_BSS           G=DGROUP  M=os_cpu_c.c ACBP=48
 0670:1556 001B C=BSS    S=_BSS           G=DGROUP  M=pc.c       ACBP=48
 0670:1572 0BD6 C=BSS    S=_BSS           G=DGROUP  M=ucos_ii.c  ACBP=48
 0670:2148 0080 C=BSS    S=_BSS           G=DGROUP  M=ATEXIT     ACBP=48
 0670:21C8 0000 C=BSS    S=_BSS           G=DGROUP  M=IOERROR    ACBP=48
 0670:21C8 0000 C=BSS    S=_BSS           G=DGROUP  M=ISATTY     ACBP=48
 0670:21C8 0000 C=BSS    S=_BSS           G=DGROUP  M=LONGTOA    ACBP=48
 0670:21C8 0000 C=BSS    S=_BSS           G=DGROUP  M=LSEEK      ACBP=48
 0670:21C8 0000 C=BSS    S=_BSS           G=DGROUP  M=SETUPIO    ACBP=48
 0670:21C8 0000 C=BSS    S=_BSS           G=DGROUP  M=VPRINTER   ACBP=48
 0670:21C8 0000 C=BSS    S=_BSS           G=DGROUP  M=VRAM       ACBP=48
 0670:21C8 0000 C=BSS    S=_BSS           G=DGROUP  M=CRTINIT    ACBP=48
 0670:21C8 0000 C=BSS    S=_BSS           G=DGROUP  M=GETCH      ACBP=48
 0670:21C8 0000 C=BSS    S=_BSS           G=DGROUP  M=KBHIT      ACBP=48
 0670:21C8 0000 C=BSS    S=_BSS           G=DGROUP  M=SETBLOCK   ACBP=48
 0670:21C8 0000 C=BSS    S=_BSS           G=DGROUP  M=SETJMP     ACBP=48
 0670:21C8 0000 C=BSS    S=_BSS           G=DGROUP  M=MEMCPY     ACBP=48
 0670:21C8 0001 C=BSS    S=_BSS           G=DGROUP  M=PUTC       ACBP=48
 0670:21CA 0000 C=BSS    S=_BSS           G=DGROUP  M=WRITEA     ACBP=48
 0670:21CA 0000 C=BSSEND S=_BSSEND        G=DGROUP  M=c0.ASM     ACBP=28
 088D:0000 0080 C=STACK  S=_STACK         G=(none)  M=c0.ASM     ACBP=74

  Address         Publics by Name

 0670:0000 idle  DATASEG@
 0000:0291 idle  DGROUP@
 0000:0395 idle  F_LDIV@
 0000:03A4 idle  F_LMOD@
 0000:039C       F_LUDIV@
 0000:03AC idle  F_LUMOD@
 0000:0443       F_LXLSH@
 0000:0355       F_LXMUL@
 0000:0464       F_LXURSH@
 0000:0485 idle  F_PADD@
 0000:04B4 idle  F_PSUB@
 0000:0395 idle  LDIV@
 0000:03A4 idle  LMOD@
 0000:039C idle  LUDIV@
 0000:03AC idle  LUMOD@
 0000:0443 idle  LXLSH@
 0000:0355 idle  LXMUL@
 0000:0464 idle  LXURSH@
 0000:0392 idle  N_LDIV@
 0000:03A1 idle  N_LMOD@
 0000:0399 idle  N_LUDIV@
 0000:03A9 idle  N_LUMOD@
 0000:0440       N_LXLSH@
 0000:0461 idle  N_LXURSH@
 0000:0482       N_PADD@
 0000:0609       N_PCMP@
 0000:04B1 idle  N_PSUB@
 0000:0485 idle  PADD@
 0000:04B4 idle  PSUB@
 0000:027A       _abort
 0000:0295 idle  _atexit
 0000:0D90 idle  _cprintf
 0670:0487       _directvideo
 0670:007F       _errno
 0000:031A       _exit
 0000:10B0 idle  _farfree
 0000:11C4 idle  _farmalloc
 0000:1328 idle  _farrealloc
 0000:1ABD       _fflush
 0000:1B8A       _flushall
 0000:1E09 idle  _fputc
 0000:1F9E idle  _fputchar
 0000:10B0       _free
 0000:1C4E       _fseek
 0000:1CCE idle  _ftell
 0000:14E2       _getch
 0000:14FE idle  _getche
 0000:036C       _getdate
 0000:1540       _gettext
 0000:037F       _gettime
 0000:052D       _isatty
 0000:15EC       _kbhit
 0000:1A5D       _longjmp
 0000:05E0       _lseek
 0251:000A       _main
 0000:11BA       _malloc
 0000:1DAE       _memcpy
 0000:15FE       _movetext
 0670:2104 idle  _OSCPUUsage
 0278:0028       _OSCtxSw
 0670:2144 idle  _OSCtxSwCtr
 0670:2140 idle  _OSEventFreeList
 0670:212C idle  _OSEventTbl
 02DB:0A8D idle  _OSFlagAccept
 02DB:0BBF idle  _OSFlagCreate
 02DB:0C37 idle  _OSFlagDel
 0670:2105 idle  _OSFlagFreeList
 02DB:0D79 idle  _OSFlagPend
 02DB:0FD3 idle  _OSFlagPost
 02DB:1173 idle  _OSFlagQuery
 0670:2109 idle  _OSFlagTbl
 0670:1CED idle  _OSIdleCtr
 0670:2100 idle  _OSIdleCtrMax
 0670:20FC idle  _OSIdleCtrRun
 02DB:0003       _OSInit
 0286:0000       _OSInitHookBegin
 0286:0001       _OSInitHookEnd
 0278:0063       _OSIntCtxSw
 02DB:003B idle  _OSIntEnter
 02DB:004E       _OSIntExit
 0670:1CF9 idle  _OSIntExitY
 0670:1CFA       _OSIntNesting
 0670:1CF8 idle  _OSLockNesting
 0670:00E0 idle  _OSMapTbl
 02DB:1403 idle  _OSMboxAccept
 02DB:144E idle  _OSMboxCreate
 02DB:14C3 idle  _OSMboxDel
 02DB:15E1 idle  _OSMboxPend
 02DB:16E3 idle  _OSMboxPost
 02DB:175B idle  _OSMboxPostOpt
 02DB:17FE idle  _OSMboxQuery
 02DB:188C idle  _OSMemCreate
 0670:160E idle  _OSMemFreeList
 02DB:19D7 idle  _OSMemGet
 02DB:1A55 idle  _OSMemPut
 02DB:1AC5 idle  _OSMemQuery
 0670:15AA idle  _OSMemTbl
 02DB:1C12 idle  _OSMutexAccept
 02DB:1C9D idle  _OSMutexCreate
 02DB:1D83 idle  _OSMutexDel
 02DB:1EDD idle  _OSMutexPend
 02DB:20C8 idle  _OSMutexPost
 02DB:2250 idle  _OSMutexQuery
 0670:1CF7       _OSPrioCur
 0670:1CF6       _OSPrioHighRdy
 02DB:2305 idle  _OSQAccept
 02DB:23A5 idle  _OSQCreate
 02DB:24C8 idle  _OSQDel
 02DB:2645 idle  _OSQFlush
 0670:15A6 idle  _OSQFreeList
 02DB:269D idle  _OSQPend
 02DB:27E3 idle  _OSQPost
 02DB:28AB idle  _OSQPostFront
 02DB:296D idle  _OSQPostOpt
 02DB:2AAB idle  _OSQQuery
 0670:1576 idle  _OSQTbl
 0670:1CF5 idle  _OSRdyGrp
 0670:1CF3 idle  _OSRdyTbl
 0670:1CF2       _OSRunning
 02DB:0188       _OSSchedLock
 02DB:019E       _OSSchedUnlock
 02DB:2BD0 idle  _OSSemAccept
 02DB:2C02 idle  _OSSemCreate
 02DB:2C76 idle  _OSSemDel
 02DB:2D94 idle  _OSSemPend
 02DB:2E44 idle  _OSSemPost
 02DB:2E9E idle  _OSSemQuery
 02DB:01CB       _OSStart
 0278:000A       _OSStartHighRdy
 02DB:0261 idle  _OSStatInit
 0670:20FB idle  _OSStatRdy
 02DB:2F24 idle  _OSTaskChangePrio
 02DB:30F0 idle  _OSTaskCreate
 02DB:31AD       _OSTaskCreateExt
 0286:0002       _OSTaskCreateHook
 0670:1CF1 idle  _OSTaskCtr
 02DB:329D       _OSTaskDel
 0286:0007       _OSTaskDelHook
 02DB:347C idle  _OSTaskDelReq
 0286:000C       _OSTaskIdleHook
 0670:18ED idle  _OSTaskIdleStk
 02DB:36FA idle  _OSTaskQuery
 02DB:34E8 idle  _OSTaskResume
 0286:000D       _OSTaskStatHook
 0670:1CFB idle  _OSTaskStatStk
 02DB:3567 idle  _OSTaskStkChk
 0286:000E       _OSTaskStkInit
 0286:00F4 idle  _OSTaskStkInit_FPE_x86
 02DB:364C idle  _OSTaskSuspend
 0286:01CF       _OSTaskSwHook
 0670:18E9       _OSTCBCur
 0670:18E5 idle  _OSTCBFreeList
 0670:18E1       _OSTCBHighRdy
 0286:01D0       _OSTCBInitHook
 0670:18DD idle  _OSTCBList
 0670:18A9 idle  _OSTCBPrioTbl
 0670:1612 idle  _OSTCBTbl
 0670:1554       _OSTickDOSCtr
 0278:0090       _OSTickISR
 0670:1572 idle  _OSTime
 02DB:3768       _OSTimeDly
 02DB:37AF idle  _OSTimeDlyHMSM
 02DB:389E idle  _OSTimeDlyResume
 02DB:3916       _OSTimeGet
 02DB:3935       _OSTimeSet
 02DB:029C       _OSTimeTick
 0286:01D5       _OSTimeTickHook
 0670:00E8 idle  _OSUnMapTbl
 02DB:035D idle  _OSVersion
 02DB:0361 idle  _OS_Dummy
 02DB:0362 idle  _OS_EventTaskRdy
 02DB:042C idle  _OS_EventTaskWait
 02DB:0499 idle  _OS_EventTO
 02DB:04ED idle  _OS_EventWaitListInit
 02DB:1295 idle  _OS_FlagInit
 02DB:1354 idle  _OS_FlagUnlink
 02DB:1B6E idle  _OS_MemInit
 02DB:2B80 idle  _OS_QInit
 02DB:06E7 idle  _OS_Sched
 02DB:0809 idle  _OS_TaskIdle
 02DB:082E idle  _OS_TaskStat
 02DB:08FA idle  _OS_TCBInit
 02A3:0006 idle  _PC_DispChar
 02A3:0044 idle  _PC_DispClrCol
 02A3:008A idle  _PC_DispClrRow
 02A3:00C3       _PC_DispClrScr
 02A3:00F4 idle  _PC_DispStr
 02A3:0143 idle  _PC_DOSReturn
 02A3:0157       _PC_DOSSaveReturn
 02A3:01C5 idle  _PC_ElapsedInit
 02A3:01D9 idle  _PC_ElapsedStart
 02A3:01FF idle  _PC_ElapsedStop
 02A3:0250 idle  _PC_GetDateTime
 02A3:02A3 idle  _PC_GetKey
 02A3:02CA       _PC_SetTickRate
 0670:1556 idle  _PC_TickISR
 02A3:0317 idle  _PC_VectGet
 02A3:034E       _PC_VectSet
 0670:04E0       _printBuffer
 0000:1DD2       _printf
 0000:169B       _putch
 0000:1596       _puttext
 0000:1321 idle  _realloc
 0000:1A0B       _setblock
 0000:1A27       _setjmp
 0000:21B5       _setvbuf
 0000:2312       _sprintf
 0251:01A4 idle  _Task
 0670:0094 idle  _task1comp
 0670:0096 idle  _task2comp
 0670:0098 idle  _task3comp
 0251:0082 idle  _TaskStart
 0670:0554 idle  _TaskStartStk
 0670:054C idle  _TaskStart_Info
 0670:0954 idle  _TaskStk
 0670:0534 idle  _Task_Info
 0000:1522 idle  _ungetch
 0000:2334 idle  _vsprintf
 0000:1A9B idle  _wherex
 0000:1AAA idle  _wherey
 0000:1000 idle  __AHINCR
 0000:000C idle  __AHSHIFT
 0670:01E8       __atexitcnt
 0670:2148       __atexittbl
 0000:1418       __brk
 0670:008B       __brklvl
 0670:006B idle  __C0argc
 0670:006D idle  __C0argv
 0000:0E72 idle  __c0crtinit
 0670:0071 idle  __C0environ
 0670:04C5       __cChar
 0000:033B idle  __cexit
 0670:04C4       __cFlag
 0000:016A       __checknull
 0000:0157       __cleanup
 0000:0C5E       __CPUTN
 0000:0E8F idle  __crtinit
 0000:0000  Abs  __cvtfak
 0000:0349 idle  __c_exit
 0670:03B0 idle  __doserrno
 0000:051B idle  __DOSERROR
 0670:03B2 idle  __dosErrorToSV
 0670:0075 idle  __envLng
 0670:0077 idle  __envseg
 0670:0079 idle  __envSize
 0000:0329       __exit
 0670:01EA       __exitbuf
 0670:01EE idle  __exitfopen
 0670:01F2 idle  __exitopen
 0000:1DED idle  __fputc
 0000:1FB2       __FPUTN
 0670:0087       __heapbase
 0670:008F       __heaptop
 0670:005B idle  __Int0Vector
 0670:005F idle  __Int4Vector
 0670:0063 idle  __Int5Vector
 0670:0067 idle  __Int6Vector
 0000:04E2       __IOERROR
 0000:053E       __LONGTOA
 0000:0293 idle  __MMODEL
 0670:0386       __nfile
 0000:14FB idle  __Ngetche
 0000:151F idle  __Nungetch
 0670:0388       __openfd
 0670:007D idle  __osmajor
 0670:007E idle  __osminor
 0670:007D idle  __osversion
 0670:007B       __psp
 0000:16B2       __REALCVT
 0670:04CC       __RealCvtVector
 0000:01C0       __restorezero
 0000:1457       __sbrk
 0670:04CE idle  __ScanTodVector
 0000:17EC       __SCREENIO
 0000:189F       __SCROLL
 0000:062A       __setupio
 0670:0081 idle  __StartTime
 0670:040C       __stklen
 0670:01F6       __streams
 0000:016B       __terminate
 0000:0000 idle  __turboCrt
 0000:05C0 idle  __UTOA
 0000:1828       __VALIDATEXY
 0670:007D idle  __version
 0670:0478       __video
 0000:0DE7       __VideoInt
 0000:06FC       __VPRINTER
 0000:0BBF       __VPTR
 0000:0BE4       __VRAM
 0000:1A91       __wherexy
 0000:24A6       __write
 0670:0476       __wscroll
 0000:24E2       __xfflush
 0670:0085 idle  ___brklvl
 0000:0F70 idle  ___first
 0000:0F72 idle  ___last
 0000:0F74 idle  ___rover
 0000:2355       ___write

  Address         Publics by Value

 0000:0000 idle  __turboCrt
 0000:0000  Abs  __cvtfak
 0000:000C idle  __AHSHIFT
 0000:0157       __cleanup
 0000:016A       __checknull
 0000:016B       __terminate
 0000:01C0       __restorezero
 0000:027A       _abort
 0000:0291 idle  DGROUP@
 0000:0293 idle  __MMODEL
 0000:0295 idle  _atexit
 0000:031A       _exit
 0000:0329       __exit
 0000:033B idle  __cexit
 0000:0349 idle  __c_exit
 0000:0355       F_LXMUL@
 0000:0355 idle  LXMUL@
 0000:036C       _getdate
 0000:037F       _gettime
 0000:0392 idle  N_LDIV@
 0000:0395 idle  LDIV@
 0000:0395 idle  F_LDIV@
 0000:0399 idle  N_LUDIV@
 0000:039C       F_LUDIV@
 0000:039C idle  LUDIV@
 0000:03A1 idle  N_LMOD@
 0000:03A4 idle  F_LMOD@
 0000:03A4 idle  LMOD@
 0000:03A9 idle  N_LUMOD@
 0000:03AC idle  LUMOD@
 0000:03AC idle  F_LUMOD@
 0000:0440       N_LXLSH@
 0000:0443       F_LXLSH@
 0000:0443 idle  LXLSH@
 0000:0461 idle  N_LXURSH@
 0000:0464       F_LXURSH@
 0000:0464 idle  LXURSH@
 0000:0482       N_PADD@
 0000:0485 idle  F_PADD@
 0000:0485 idle  PADD@
 0000:04B1 idle  N_PSUB@
 0000:04B4 idle  F_PSUB@
 0000:04B4 idle  PSUB@
 0000:04E2       __IOERROR
 0000:051B idle  __DOSERROR
 0000:052D       _isatty
 0000:053E       __LONGTOA
 0000:05C0 idle  __UTOA
 0000:05E0       _lseek
 0000:0609       N_PCMP@
 0000:062A       __setupio
 0000:06FC       __VPRINTER
 0000:0BBF       __VPTR
 0000:0BE4       __VRAM
 0000:0C5E       __CPUTN
 0000:0D90 idle  _cprintf
 0000:0DE7       __VideoInt
 0000:0E72 idle  __c0crtinit
 0000:0E8F idle  __crtinit
 0000:0F70 idle  ___first
 0000:0F72 idle  ___last
 0000:0F74 idle  ___rover
 0000:1000 idle  __AHINCR
 0000:10B0       _free
 0000:10B0 idle  _farfree
 0000:11BA       _malloc
 0000:11C4 idle  _farmalloc
 0000:1321 idle  _realloc
 0000:1328 idle  _farrealloc
 0000:1418       __brk
 0000:1457       __sbrk
 0000:14E2       _getch
 0000:14FB idle  __Ngetche
 0000:14FE idle  _getche
 0000:151F idle  __Nungetch
 0000:1522 idle  _ungetch
 0000:1540       _gettext
 0000:1596       _puttext
 0000:15EC       _kbhit
 0000:15FE       _movetext
 0000:169B       _putch
 0000:16B2       __REALCVT
 0000:17EC       __SCREENIO
 0000:1828       __VALIDATEXY
 0000:189F       __SCROLL
 0000:1A0B       _setblock
 0000:1A27       _setjmp
 0000:1A5D       _longjmp
 0000:1A91       __wherexy
 0000:1A9B idle  _wherex
 0000:1AAA idle  _wherey
 0000:1ABD       _fflush
 0000:1B8A       _flushall
 0000:1C4E       _fseek
 0000:1CCE idle  _ftell
 0000:1DAE       _memcpy
 0000:1DD2       _printf
 0000:1DED idle  __fputc
 0000:1E09 idle  _fputc
 0000:1F9E idle  _fputchar
 0000:1FB2       __FPUTN
 0000:21B5       _setvbuf
 0000:2312       _sprintf
 0000:2334 idle  _vsprintf
 0000:2355       ___write
 0000:24A6       __write
 0000:24E2       __xfflush
 0251:000A       _main
 0251:0082 idle  _TaskStart
 0251:01A4 idle  _Task
 0278:000A       _OSStartHighRdy
 0278:0028       _OSCtxSw
 0278:0063       _OSIntCtxSw
 0278:0090       _OSTickISR
 0286:0000       _OSInitHookBegin
 0286:0001       _OSInitHookEnd
 0286:0002       _OSTaskCreateHook
 0286:0007       _OSTaskDelHook
 0286:000C       _OSTaskIdleHook
 0286:000D       _OSTaskStatHook
 0286:000E       _OSTaskStkInit
 0286:00F4 idle  _OSTaskStkInit_FPE_x86
 0286:01CF       _OSTaskSwHook
 0286:01D0       _OSTCBInitHook
 0286:01D5       _OSTimeTickHook
 02A3:0006 idle  _PC_DispChar
 02A3:0044 idle  _PC_DispClrCol
 02A3:008A idle  _PC_DispClrRow
 02A3:00C3       _PC_DispClrScr
 02A3:00F4 idle  _PC_DispStr
 02A3:0143 idle  _PC_DOSReturn
 02A3:0157       _PC_DOSSaveReturn
 02A3:01C5 idle  _PC_ElapsedInit
 02A3:01D9 idle  _PC_ElapsedStart
 02A3:01FF idle  _PC_ElapsedStop
 02A3:0250 idle  _PC_GetDateTime
 02A3:02A3 idle  _PC_GetKey
 02A3:02CA       _PC_SetTickRate
 02A3:0317 idle  _PC_VectGet
 02A3:034E       _PC_VectSet
 02DB:0003       _OSInit
 02DB:003B idle  _OSIntEnter
 02DB:004E       _OSIntExit
 02DB:0188       _OSSchedLock
 02DB:019E       _OSSchedUnlock
 02DB:01CB       _OSStart
 02DB:0261 idle  _OSStatInit
 02DB:029C       _OSTimeTick
 02DB:035D idle  _OSVersion
 02DB:0361 idle  _OS_Dummy
 02DB:0362 idle  _OS_EventTaskRdy
 02DB:042C idle  _OS_EventTaskWait
 02DB:0499 idle  _OS_EventTO
 02DB:04ED idle  _OS_EventWaitListInit
 02DB:06E7 idle  _OS_Sched
 02DB:0809 idle  _OS_TaskIdle
 02DB:082E idle  _OS_TaskStat
 02DB:08FA idle  _OS_TCBInit
 02DB:0A8D idle  _OSFlagAccept
 02DB:0BBF idle  _OSFlagCreate
 02DB:0C37 idle  _OSFlagDel
 02DB:0D79 idle  _OSFlagPend
 02DB:0FD3 idle  _OSFlagPost
 02DB:1173 idle  _OSFlagQuery
 02DB:1295 idle  _OS_FlagInit
 02DB:1354 idle  _OS_FlagUnlink
 02DB:1403 idle  _OSMboxAccept
 02DB:144E idle  _OSMboxCreate
 02DB:14C3 idle  _OSMboxDel
 02DB:15E1 idle  _OSMboxPend
 02DB:16E3 idle  _OSMboxPost
 02DB:175B idle  _OSMboxPostOpt
 02DB:17FE idle  _OSMboxQuery
 02DB:188C idle  _OSMemCreate
 02DB:19D7 idle  _OSMemGet
 02DB:1A55 idle  _OSMemPut
 02DB:1AC5 idle  _OSMemQuery
 02DB:1B6E idle  _OS_MemInit
 02DB:1C12 idle  _OSMutexAccept
 02DB:1C9D idle  _OSMutexCreate
 02DB:1D83 idle  _OSMutexDel
 02DB:1EDD idle  _OSMutexPend
 02DB:20C8 idle  _OSMutexPost
 02DB:2250 idle  _OSMutexQuery
 02DB:2305 idle  _OSQAccept
 02DB:23A5 idle  _OSQCreate
 02DB:24C8 idle  _OSQDel
 02DB:2645 idle  _OSQFlush
 02DB:269D idle  _OSQPend
 02DB:27E3 idle  _OSQPost
 02DB:28AB idle  _OSQPostFront
 02DB:296D idle  _OSQPostOpt
 02DB:2AAB idle  _OSQQuery
 02DB:2B80 idle  _OS_QInit
 02DB:2BD0 idle  _OSSemAccept
 02DB:2C02 idle  _OSSemCreate
 02DB:2C76 idle  _OSSemDel
 02DB:2D94 idle  _OSSemPend
 02DB:2E44 idle  _OSSemPost
 02DB:2E9E idle  _OSSemQuery
 02DB:2F24 idle  _OSTaskChangePrio
 02DB:30F0 idle  _OSTaskCreate
 02DB:31AD       _OSTaskCreateExt
 02DB:329D       _OSTaskDel
 02DB:347C idle  _OSTaskDelReq
 02DB:34E8 idle  _OSTaskResume
 02DB:3567 idle  _OSTaskStkChk
 02DB:364C idle  _OSTaskSuspend
 02DB:36FA idle  _OSTaskQuery
 02DB:3768       _OSTimeDly
 02DB:37AF idle  _OSTimeDlyHMSM
 02DB:389E idle  _OSTimeDlyResume
 02DB:3916       _OSTimeGet
 02DB:3935       _OSTimeSet
 0670:0000 idle  DATASEG@
 0670:005B idle  __Int0Vector
 0670:005F idle  __Int4Vector
 0670:0063 idle  __Int5Vector
 0670:0067 idle  __Int6Vector
 0670:006B idle  __C0argc
 0670:006D idle  __C0argv
 0670:0071 idle  __C0environ
 0670:0075 idle  __envLng
 0670:0077 idle  __envseg
 0670:0079 idle  __envSize
 0670:007B       __psp
 0670:007D idle  __osversion
 0670:007D idle  __osmajor
 0670:007D idle  __version
 0670:007E idle  __osminor
 0670:007F       _errno
 0670:0081 idle  __StartTime
 0670:0085 idle  ___brklvl
 0670:0087       __heapbase
 0670:008B       __brklvl
 0670:008F       __heaptop
 0670:0094 idle  _task1comp
 0670:0096 idle  _task2comp
 0670:0098 idle  _task3comp
 0670:00E0 idle  _OSMapTbl
 0670:00E8 idle  _OSUnMapTbl
 0670:01E8       __atexitcnt
 0670:01EA       __exitbuf
 0670:01EE idle  __exitfopen
 0670:01F2 idle  __exitopen
 0670:01F6       __streams
 0670:0386       __nfile
 0670:0388       __openfd
 0670:03B0 idle  __doserrno
 0670:03B2 idle  __dosErrorToSV
 0670:040C       __stklen
 0670:0476       __wscroll
 0670:0478       __video
 0670:0487       _directvideo
 0670:04C4       __cFlag
 0670:04C5       __cChar
 0670:04CC       __RealCvtVector
 0670:04CE idle  __ScanTodVector
 0670:04E0       _printBuffer
 0670:0534 idle  _Task_Info
 0670:054C idle  _TaskStart_Info
 0670:0554 idle  _TaskStartStk
 0670:0954 idle  _TaskStk
 0670:1554       _OSTickDOSCtr
 0670:1556 idle  _PC_TickISR
 0670:1572 idle  _OSTime
 0670:1576 idle  _OSQTbl
 0670:15A6 idle  _OSQFreeList
 0670:15AA idle  _OSMemTbl
 0670:160E idle  _OSMemFreeList
 0670:1612 idle  _OSTCBTbl
 0670:18A9 idle  _OSTCBPrioTbl
 0670:18DD idle  _OSTCBList
 0670:18E1       _OSTCBHighRdy
 0670:18E5 idle  _OSTCBFreeList
 0670:18E9       _OSTCBCur
 0670:18ED idle  _OSTaskIdleStk
 0670:1CED idle  _OSIdleCtr
 0670:1CF1 idle  _OSTaskCtr
 0670:1CF2       _OSRunning
 0670:1CF3 idle  _OSRdyTbl
 0670:1CF5 idle  _OSRdyGrp
 0670:1CF6       _OSPrioHighRdy
 0670:1CF7       _OSPrioCur
 0670:1CF8 idle  _OSLockNesting
 0670:1CF9 idle  _OSIntExitY
 0670:1CFA       _OSIntNesting
 0670:1CFB idle  _OSTaskStatStk
 0670:20FB idle  _OSStatRdy
 0670:20FC idle  _OSIdleCtrRun
 0670:2100 idle  _OSIdleCtrMax
 0670:2104 idle  _OSCPUUsage
 0670:2105 idle  _OSFlagFreeList
 0670:2109 idle  _OSFlagTbl
 0670:212C idle  _OSEventTbl
 0670:2140 idle  _OSEventFreeList
 0670:2144 idle  _OSCtxSwCtr
 0670:2148       __atexittbl

Program entry point at 0000:0000

