
 Start  Stop   Length Name               Class

 00000H 02519H 0251AH _TEXT              CODE
 0251AH 027A0H 00287H TEST_TEXT          CODE
 027A2H 02877H 000D6H OS_CPU_A_TEXT      CODE
 02878H 02A4DH 001D6H OS_CPU_C_TEXT      CODE
 02A4EH 02DCAH 0037DH PC_TEXT            CODE
 02DCBH 06619H 0384FH UCOS_II_TEXT       CODE
 06620H 06620H 00000H _FARDATA           FAR_DATA
 06620H 06620H 00000H _FARBSS            FAR_BSS
 06620H 06620H 00000H _OVERLAY_          OVRINFO
 06620H 06620H 00000H _1STUB_            STUBSEG
 06620H 06B0BH 004ECH _DATA              DATA
 06B0CH 06B0DH 00002H _CVTSEG            DATA
 06B0EH 06B13H 00006H _SCNSEG            DATA
 06B14H 06B14H 00000H _CONST             CONST
 06B14H 06B1FH 0000CH _INIT_             INITDATA
 06B20H 06B20H 00000H _INITEND_          INITDATA
 06B20H 06B20H 00000H _EXIT_             EXITDATA
 06B20H 06B20H 00000H _EXITEND_          EXITDATA
 06B20H 08401H 018E2H _BSS               BSS
 08402H 08402H 00000H _BSSEND            BSSEND
 08410H 0848FH 00080H _STACK             STACK


Detailed map of segments

 0000:0000 0295 C=CODE   S=_TEXT          G=(none)  M=c0.ASM     ACBP=28
 0000:0295 002D C=CODE   S=_TEXT          G=(none)  M=ATEXIT     ACBP=28
 0000:02C2 0093 C=CODE   S=_TEXT          G=(none)  M=EXIT       ACBP=28
 0000:0355 0000 C=CODE   S=_TEXT          G=(none)  M=FILES      ACBP=28
 0000:0355 0000 C=CODE   S=_TEXT          G=(none)  M=FILES2     ACBP=28
 0000:0355 0017 C=CODE   S=_TEXT          G=(none)  M=F_LXMUL    ACBP=28
 0000:036C 0026 C=CODE   S=_TEXT          G=(none)  M=GETDATE    ACBP=28
 0000:0392 00AE C=CODE   S=_TEXT          G=(none)  M=H_LDIV     ACBP=28
 0000:0440 0021 C=CODE   S=_TEXT          G=(none)  M=H_LLSH     ACBP=28
 0000:0461 0021 C=CODE   S=_TEXT          G=(none)  M=H_LURSH    ACBP=28
 0000:0482 0060 C=CODE   S=_TEXT          G=(none)  M=H_PADD     ACBP=28
 0000:04E2 004B C=CODE   S=_TEXT          G=(none)  M=IOERROR    ACBP=28
 0000:052D 0011 C=CODE   S=_TEXT          G=(none)  M=ISATTY     ACBP=28
 0000:053E 00A2 C=CODE   S=_TEXT          G=(none)  M=LONGTOA    ACBP=28
 0000:05E0 0029 C=CODE   S=_TEXT          G=(none)  M=LSEEK      ACBP=28
 0000:0609 0021 C=CODE   S=_TEXT          G=(none)  M=N_PCMP     ACBP=28
 0000:062A 00BA C=CODE   S=_TEXT          G=(none)  M=SETUPIO    ACBP=28
 0000:06E4 0000 C=CODE   S=_TEXT          G=(none)  M=STKLEN     ACBP=28
 0000:06E4 04DB C=CODE   S=_TEXT          G=(none)  M=VPRINTER   ACBP=28
 0000:0BBF 009F C=CODE   S=_TEXT          G=(none)  M=VRAM       ACBP=28
 0000:0C5E 0000 C=CODE   S=_TEXT          G=(none)  M=WSCROLL    ACBP=28
 0000:0C5E 014E C=CODE   S=_TEXT          G=(none)  M=CPRINTF    ACBP=28
 0000:0DAC 01A5 C=CODE   S=_TEXT          G=(none)  M=CRTINIT    ACBP=28
 0000:0F51 001F C=CODE   S=_TEXT          G=(none)  M=CVTFAK     ACBP=28
 0000:0F70 0432 C=CODE   S=_TEXT          G=(none)  M=FARHEAP    ACBP=28
 0000:13A2 0140 C=CODE   S=_TEXT          G=(none)  M=FBRK       ACBP=28
 0000:14E2 005E C=CODE   S=_TEXT          G=(none)  M=GETCH      ACBP=28
 0000:1540 00AC C=CODE   S=_TEXT          G=(none)  M=GPTEXT     ACBP=28
 0000:15EC 0012 C=CODE   S=_TEXT          G=(none)  M=KBHIT      ACBP=28
 0000:15FE 009D C=CODE   S=_TEXT          G=(none)  M=MOVETEXT   ACBP=28
 0000:169B 0017 C=CODE   S=_TEXT          G=(none)  M=PUTCH      ACBP=28
 0000:16B2 0004 C=CODE   S=_TEXT          G=(none)  M=REALCVT    ACBP=28
 0000:16B6 01C7 C=CODE   S=_TEXT          G=(none)  M=SCREEN     ACBP=28
 0000:187D 018E C=CODE   S=_TEXT          G=(none)  M=SCROLL     ACBP=28
 0000:1A0B 001C C=CODE   S=_TEXT          G=(none)  M=SETBLOCK   ACBP=28
 0000:1A27 006A C=CODE   S=_TEXT          G=(none)  M=SETJMP     ACBP=28
 0000:1A91 002C C=CODE   S=_TEXT          G=(none)  M=WHEREXY    ACBP=28
 0000:1ABD 00CD C=CODE   S=_TEXT          G=(none)  M=FFLUSH     ACBP=28
 0000:1B8A 0042 C=CODE   S=_TEXT          G=(none)  M=FLUSHALL   ACBP=28
 0000:1BCC 01E2 C=CODE   S=_TEXT          G=(none)  M=FSEEK      ACBP=28
 0000:1DAE 0024 C=CODE   S=_TEXT          G=(none)  M=MEMCPY     ACBP=28
 0000:1DD2 001B C=CODE   S=_TEXT          G=(none)  M=PRINTF     ACBP=28
 0000:1DED 03C8 C=CODE   S=_TEXT          G=(none)  M=PUTC       ACBP=28
 0000:21B5 011D C=CODE   S=_TEXT          G=(none)  M=SETVBUF    ACBP=28
 0000:22D2 0083 C=CODE   S=_TEXT          G=(none)  M=SPRINTF    ACBP=28
 0000:2355 0151 C=CODE   S=_TEXT          G=(none)  M=WRITE      ACBP=28
 0000:24A6 003C C=CODE   S=_TEXT          G=(none)  M=WRITEA     ACBP=28
 0000:24E2 0038 C=CODE   S=_TEXT          G=(none)  M=XFFLUSH    ACBP=28
 0251:000A 0287 C=CODE   S=TEST_TEXT      G=(none)  M=test.c     ACBP=28
 027A:0002 00D6 C=CODE   S=OS_CPU_A_TEXT  G=(none)  M=\SOFTWARE\uCOS-II\Ix86L\BC45\OS_CPU_A.ASM ACBP=48
 0287:0008 01D6 C=CODE   S=OS_CPU_C_TEXT  G=(none)  M=os_cpu_c.c ACBP=28
 02A4:000E 037D C=CODE   S=PC_TEXT        G=(none)  M=pc.c       ACBP=28
 02DC:000B 384F C=CODE   S=UCOS_II_TEXT   G=(none)  M=ucos_ii.c  ACBP=28
 0662:0000 0000 C=FAR_DATA S=_FARDATA       G=(none)  M=c0.ASM     ACBP=68
 0662:0000 0000 C=FAR_BSS S=_FARBSS        G=(none)  M=c0.ASM     ACBP=68
 0662:0000 0000 C=OVRINFO S=_OVERLAY_      G=(none)  M=c0.ASM     ACBP=68
 0662:0000 0000 C=STUBSEG S=_1STUB_        G=(none)  M=c0.ASM     ACBP=68
 0662:0000 0093 C=DATA   S=_DATA          G=DGROUP  M=c0.ASM     ACBP=68
 0662:0094 004B C=DATA   S=_DATA          G=DGROUP  M=test.c     ACBP=48
 0662:00E0 0000 C=DATA   S=_DATA          G=DGROUP  M=\SOFTWARE\uCOS-II\Ix86L\BC45\OS_CPU_A.ASM ACBP=48
 0662:00E0 0000 C=DATA   S=_DATA          G=DGROUP  M=os_cpu_c.c ACBP=48
 0662:00E0 001F C=DATA   S=_DATA          G=DGROUP  M=pc.c       ACBP=48
 0662:0100 0108 C=DATA   S=_DATA          G=DGROUP  M=ucos_ii.c  ACBP=48
 0662:0208 0002 C=DATA   S=_DATA          G=DGROUP  M=ATEXIT     ACBP=48
 0662:020A 000C C=DATA   S=_DATA          G=DGROUP  M=EXIT       ACBP=48
 0662:0216 0190 C=DATA   S=_DATA          G=DGROUP  M=FILES      ACBP=48
 0662:03A6 002A C=DATA   S=_DATA          G=DGROUP  M=FILES2     ACBP=48
 0662:03D0 0000 C=DATA   S=_DATA          G=DGROUP  M=F_LXMUL    ACBP=48
 0662:03D0 0000 C=DATA   S=_DATA          G=DGROUP  M=GETDATE    ACBP=48
 0662:03D0 0000 C=DATA   S=_DATA          G=DGROUP  M=H_LDIV     ACBP=48
 0662:03D0 0000 C=DATA   S=_DATA          G=DGROUP  M=H_LLSH     ACBP=48
 0662:03D0 0000 C=DATA   S=_DATA          G=DGROUP  M=H_LURSH    ACBP=48
 0662:03D0 0000 C=DATA   S=_DATA          G=DGROUP  M=H_PADD     ACBP=48
 0662:03D0 005B C=DATA   S=_DATA          G=DGROUP  M=IOERROR    ACBP=48
 0662:042C 0000 C=DATA   S=_DATA          G=DGROUP  M=ISATTY     ACBP=48
 0662:042C 0000 C=DATA   S=_DATA          G=DGROUP  M=LONGTOA    ACBP=48
 0662:042C 0000 C=DATA   S=_DATA          G=DGROUP  M=LSEEK      ACBP=48
 0662:042C 0000 C=DATA   S=_DATA          G=DGROUP  M=N_PCMP     ACBP=48
 0662:042C 0000 C=DATA   S=_DATA          G=DGROUP  M=SETUPIO    ACBP=48
 0662:042C 0002 C=DATA   S=_DATA          G=DGROUP  M=STKLEN     ACBP=48
 0662:042E 0067 C=DATA   S=_DATA          G=DGROUP  M=VPRINTER   ACBP=48
 0662:0496 0000 C=DATA   S=_DATA          G=DGROUP  M=VRAM       ACBP=48
 0662:0496 0002 C=DATA   S=_DATA          G=DGROUP  M=WSCROLL    ACBP=48
 0662:0498 0000 C=DATA   S=_DATA          G=DGROUP  M=CPRINTF    ACBP=48
 0662:0498 0018 C=DATA   S=_DATA          G=DGROUP  M=CRTINIT    ACBP=48
 0662:04B0 0031 C=DATA   S=_DATA          G=DGROUP  M=CVTFAK     ACBP=48
 0662:04E2 0000 C=DATA   S=_DATA          G=DGROUP  M=FARHEAP    ACBP=48
 0662:04E2 0002 C=DATA   S=_DATA          G=DGROUP  M=FBRK       ACBP=48
 0662:04E4 0000 C=DATA   S=_DATA          G=DGROUP  M=GETCH      ACBP=48
 0662:04E4 0000 C=DATA   S=_DATA          G=DGROUP  M=GPTEXT     ACBP=48
 0662:04E4 0002 C=DATA   S=_DATA          G=DGROUP  M=KBHIT      ACBP=48
 0662:04E6 0000 C=DATA   S=_DATA          G=DGROUP  M=MOVETEXT   ACBP=48
 0662:04E6 0000 C=DATA   S=_DATA          G=DGROUP  M=PUTCH      ACBP=48
 0662:04E6 0000 C=DATA   S=_DATA          G=DGROUP  M=REALCVT    ACBP=48
 0662:04E6 0000 C=DATA   S=_DATA          G=DGROUP  M=SCREEN     ACBP=48
 0662:04E6 0000 C=DATA   S=_DATA          G=DGROUP  M=SCROLL     ACBP=48
 0662:04E6 0000 C=DATA   S=_DATA          G=DGROUP  M=SETBLOCK   ACBP=48
 0662:04E6 0000 C=DATA   S=_DATA          G=DGROUP  M=SETJMP     ACBP=48
 0662:04E6 0000 C=DATA   S=_DATA          G=DGROUP  M=WHEREXY    ACBP=48
 0662:04E6 0000 C=DATA   S=_DATA          G=DGROUP  M=FFLUSH     ACBP=48
 0662:04E6 0000 C=DATA   S=_DATA          G=DGROUP  M=FLUSHALL   ACBP=48
 0662:04E6 0000 C=DATA   S=_DATA          G=DGROUP  M=FSEEK      ACBP=48
 0662:04E6 0000 C=DATA   S=_DATA          G=DGROUP  M=MEMCPY     ACBP=48
 0662:04E6 0000 C=DATA   S=_DATA          G=DGROUP  M=PRINTF     ACBP=48
 0662:04E6 0001 C=DATA   S=_DATA          G=DGROUP  M=PUTC       ACBP=48
 0662:04E8 0004 C=DATA   S=_DATA          G=DGROUP  M=SETVBUF    ACBP=48
 0662:04EC 0000 C=DATA   S=_DATA          G=DGROUP  M=SPRINTF    ACBP=48
 0662:04EC 0000 C=DATA   S=_DATA          G=DGROUP  M=WRITE      ACBP=48
 0662:04EC 0000 C=DATA   S=_DATA          G=DGROUP  M=WRITEA     ACBP=48
 0662:04EC 0000 C=DATA   S=_DATA          G=DGROUP  M=XFFLUSH    ACBP=48
 0662:04EC 0000 C=DATA   S=_CVTSEG        G=DGROUP  M=c0.ASM     ACBP=48
 0662:04EC 0002 C=DATA   S=_CVTSEG        G=DGROUP  M=CVTFAK     ACBP=48
 0662:04EE 0000 C=DATA   S=_CVTSEG        G=DGROUP  M=REALCVT    ACBP=48
 0662:04EE 0000 C=DATA   S=_SCNSEG        G=DGROUP  M=c0.ASM     ACBP=48
 0662:04EE 0006 C=DATA   S=_SCNSEG        G=DGROUP  M=CVTFAK     ACBP=48
 0662:04F4 0000 C=CONST  S=_CONST         G=DGROUP  M=c0.ASM     ACBP=48
 0662:04F4 0000 C=INITDATA S=_INIT_         G=DGROUP  M=c0.ASM     ACBP=48
 0662:04F4 0006 C=INITDATA S=_INIT_         G=DGROUP  M=SETUPIO    ACBP=48
 0662:04FA 0006 C=INITDATA S=_INIT_         G=DGROUP  M=CRTINIT    ACBP=48
 0662:0500 0000 C=INITDATA S=_INITEND_      G=DGROUP  M=c0.ASM     ACBP=28
 0662:0500 0000 C=EXITDATA S=_EXIT_         G=DGROUP  M=c0.ASM     ACBP=48
 0662:0500 0000 C=EXITDATA S=_EXITEND_      G=DGROUP  M=c0.ASM     ACBP=28
 0662:0500 0000 C=BSS    S=_BSS           G=DGROUP  M=c0.ASM     ACBP=48
 0662:0500 0C6C C=BSS    S=_BSS           G=DGROUP  M=test.c     ACBP=48
 0662:116C 0001 C=BSS    S=_BSS           G=DGROUP  M=os_cpu_c.c ACBP=48
 0662:116E 001B C=BSS    S=_BSS           G=DGROUP  M=pc.c       ACBP=48
 0662:118A 0BD6 C=BSS    S=_BSS           G=DGROUP  M=ucos_ii.c  ACBP=48
 0662:1D60 0080 C=BSS    S=_BSS           G=DGROUP  M=ATEXIT     ACBP=48
 0662:1DE0 0000 C=BSS    S=_BSS           G=DGROUP  M=IOERROR    ACBP=48
 0662:1DE0 0000 C=BSS    S=_BSS           G=DGROUP  M=ISATTY     ACBP=48
 0662:1DE0 0000 C=BSS    S=_BSS           G=DGROUP  M=LONGTOA    ACBP=48
 0662:1DE0 0000 C=BSS    S=_BSS           G=DGROUP  M=LSEEK      ACBP=48
 0662:1DE0 0000 C=BSS    S=_BSS           G=DGROUP  M=SETUPIO    ACBP=48
 0662:1DE0 0000 C=BSS    S=_BSS           G=DGROUP  M=VPRINTER   ACBP=48
 0662:1DE0 0000 C=BSS    S=_BSS           G=DGROUP  M=VRAM       ACBP=48
 0662:1DE0 0000 C=BSS    S=_BSS           G=DGROUP  M=CRTINIT    ACBP=48
 0662:1DE0 0000 C=BSS    S=_BSS           G=DGROUP  M=GETCH      ACBP=48
 0662:1DE0 0000 C=BSS    S=_BSS           G=DGROUP  M=KBHIT      ACBP=48
 0662:1DE0 0000 C=BSS    S=_BSS           G=DGROUP  M=SETBLOCK   ACBP=48
 0662:1DE0 0000 C=BSS    S=_BSS           G=DGROUP  M=SETJMP     ACBP=48
 0662:1DE0 0000 C=BSS    S=_BSS           G=DGROUP  M=MEMCPY     ACBP=48
 0662:1DE0 0001 C=BSS    S=_BSS           G=DGROUP  M=PUTC       ACBP=48
 0662:1DE2 0000 C=BSS    S=_BSS           G=DGROUP  M=WRITEA     ACBP=48
 0662:1DE2 0000 C=BSSEND S=_BSSEND        G=DGROUP  M=c0.ASM     ACBP=28
 0841:0000 0080 C=STACK  S=_STACK         G=(none)  M=c0.ASM     ACBP=74

  Address         Publics by Name

 0662:0000 idle  DATASEG@
 0000:0291 idle  DGROUP@
 0000:0395 idle  F_LDIV@
 0000:03A4 idle  F_LMOD@
 0000:039C       F_LUDIV@
 0000:03AC idle  F_LUMOD@
 0000:0443       F_LXLSH@
 0000:0355       F_LXMUL@
 0000:0464       F_LXURSH@
 0000:0485 idle  F_PADD@
 0000:04B4 idle  F_PSUB@
 0000:0395 idle  LDIV@
 0000:03A4 idle  LMOD@
 0000:039C idle  LUDIV@
 0000:03AC idle  LUMOD@
 0000:0443 idle  LXLSH@
 0000:0355 idle  LXMUL@
 0000:0464 idle  LXURSH@
 0000:0392 idle  N_LDIV@
 0000:03A1 idle  N_LMOD@
 0000:0399 idle  N_LUDIV@
 0000:03A9 idle  N_LUMOD@
 0000:0440       N_LXLSH@
 0000:0461 idle  N_LXURSH@
 0000:0482       N_PADD@
 0000:0609       N_PCMP@
 0000:04B1 idle  N_PSUB@
 0000:0485 idle  PADD@
 0000:04B4 idle  PSUB@
 0000:027A       _abort
 0000:0295 idle  _atexit
 0000:0D90 idle  _cprintf
 0662:0556       _deadTask
 0662:0558       _deadTime
 0662:04A7       _directvideo
 0662:007F       _errno
 0000:031A       _exit
 0000:10B0 idle  _farfree
 0000:11C4 idle  _farmalloc
 0000:1328 idle  _farrealloc
 0000:1ABD       _fflush
 0000:1B8A       _flushall
 0000:1E09 idle  _fputc
 0000:1F9E idle  _fputchar
 0000:10B0       _free
 0000:1C4E       _fseek
 0000:1CCE idle  _ftell
 0000:14E2       _getch
 0000:14FE idle  _getche
 0000:036C       _getdate
 0000:1540       _gettext
 0000:037F       _gettime
 0000:052D       _isatty
 0000:15EC       _kbhit
 0000:1A5D       _longjmp
 0000:05E0       _lseek
 0251:000A       _main
 0000:11BA       _malloc
 0000:1DAE       _memcpy
 0000:15FE       _movetext
 0662:1D1C idle  _OSCPUUsage
 027A:0020       _OSCtxSw
 0662:1D5C idle  _OSCtxSwCtr
 0662:1D58 idle  _OSEventFreeList
 0662:1D44 idle  _OSEventTbl
 02DC:099D idle  _OSFlagAccept
 02DC:0ACF idle  _OSFlagCreate
 02DC:0B47 idle  _OSFlagDel
 0662:1D1D idle  _OSFlagFreeList
 02DC:0C89 idle  _OSFlagPend
 02DC:0EE3 idle  _OSFlagPost
 02DC:1083 idle  _OSFlagQuery
 0662:1D21 idle  _OSFlagTbl
 0662:1905 idle  _OSIdleCtr
 0662:1D18 idle  _OSIdleCtrMax
 0662:1D14 idle  _OSIdleCtrRun
 02DC:000B       _OSInit
 0287:0008       _OSInitHookBegin
 0287:0009       _OSInitHookEnd
 027A:005B       _OSIntCtxSw
 02DC:0043 idle  _OSIntEnter
 02DC:0056       _OSIntExit
 0662:1911 idle  _OSIntExitY
 0662:1912       _OSIntNesting
 0662:1910 idle  _OSLockNesting
 0662:0100 idle  _OSMapTbl
 02DC:1313 idle  _OSMboxAccept
 02DC:135E idle  _OSMboxCreate
 02DC:13D3 idle  _OSMboxDel
 02DC:14F1 idle  _OSMboxPend
 02DC:15F3 idle  _OSMboxPost
 02DC:166B idle  _OSMboxPostOpt
 02DC:170E idle  _OSMboxQuery
 02DC:179C idle  _OSMemCreate
 0662:1226 idle  _OSMemFreeList
 02DC:18E7 idle  _OSMemGet
 02DC:1965 idle  _OSMemPut
 02DC:19D5 idle  _OSMemQuery
 0662:11C2 idle  _OSMemTbl
 02DC:1B22 idle  _OSMutexAccept
 02DC:1BAD idle  _OSMutexCreate
 02DC:1C93 idle  _OSMutexDel
 02DC:1DED idle  _OSMutexPend
 02DC:1FD8 idle  _OSMutexPost
 02DC:2160 idle  _OSMutexQuery
 0662:190F       _OSPrioCur
 0662:190E       _OSPrioHighRdy
 02DC:2215 idle  _OSQAccept
 02DC:22B5 idle  _OSQCreate
 02DC:23D8 idle  _OSQDel
 02DC:2555 idle  _OSQFlush
 0662:11BE idle  _OSQFreeList
 02DC:25AD idle  _OSQPend
 02DC:26F3 idle  _OSQPost
 02DC:27BB idle  _OSQPostFront
 02DC:287D idle  _OSQPostOpt
 02DC:29BB idle  _OSQQuery
 0662:118E idle  _OSQTbl
 0662:190D idle  _OSRdyGrp
 0662:190B idle  _OSRdyTbl
 0662:190A       _OSRunning
 02DC:010E       _OSSchedLock
 02DC:0124       _OSSchedUnlock
 02DC:2AE0 idle  _OSSemAccept
 02DC:2B12 idle  _OSSemCreate
 02DC:2B86 idle  _OSSemDel
 02DC:2CA4 idle  _OSSemPend
 02DC:2D54 idle  _OSSemPost
 02DC:2DAE idle  _OSSemQuery
 02DC:0151       _OSStart
 027A:0002       _OSStartHighRdy
 02DC:01B0 idle  _OSStatInit
 0662:1D13 idle  _OSStatRdy
 02DC:2E34 idle  _OSTaskChangePrio
 02DC:3000 idle  _OSTaskCreate
 02DC:30BD       _OSTaskCreateExt
 0287:000A       _OSTaskCreateHook
 0662:1909 idle  _OSTaskCtr
 02DC:31AD       _OSTaskDel
 0287:000F       _OSTaskDelHook
 02DC:338C idle  _OSTaskDelReq
 0287:0014       _OSTaskIdleHook
 0662:1505 idle  _OSTaskIdleStk
 02DC:360A idle  _OSTaskQuery
 02DC:33F8 idle  _OSTaskResume
 0287:0015       _OSTaskStatHook
 0662:1913 idle  _OSTaskStatStk
 02DC:3477 idle  _OSTaskStkChk
 0287:0016       _OSTaskStkInit
 0287:00FC idle  _OSTaskStkInit_FPE_x86
 02DC:355C idle  _OSTaskSuspend
 0287:01D7       _OSTaskSwHook
 0662:1501       _OSTCBCur
 0662:14FD idle  _OSTCBFreeList
 0662:14F9       _OSTCBHighRdy
 0287:01D8       _OSTCBInitHook
 0662:14F5 idle  _OSTCBList
 0662:14C1 idle  _OSTCBPrioTbl
 0662:122A idle  _OSTCBTbl
 0662:116C       _OSTickDOSCtr
 027A:0088       _OSTickISR
 0662:118A idle  _OSTime
 02DC:3678       _OSTimeDly
 02DC:36BF idle  _OSTimeDlyHMSM
 02DC:37AE idle  _OSTimeDlyResume
 02DC:3826       _OSTimeGet
 02DC:3845       _OSTimeSet
 02DC:01EB       _OSTimeTick
 0287:01DD       _OSTimeTickHook
 0662:0108 idle  _OSUnMapTbl
 02DC:02E9 idle  _OSVersion
 02DC:02ED idle  _OS_Dummy
 02DC:02EE idle  _OS_EventTaskRdy
 02DC:03B8 idle  _OS_EventTaskWait
 02DC:0425 idle  _OS_EventTO
 02DC:0479 idle  _OS_EventWaitListInit
 02DC:11A5 idle  _OS_FlagInit
 02DC:1264 idle  _OS_FlagUnlink
 02DC:1A7E idle  _OS_MemInit
 02DC:2A90 idle  _OS_QInit
 02DC:0673 idle  _OS_Sched
 02DC:0719 idle  _OS_TaskIdle
 02DC:073E idle  _OS_TaskStat
 02DC:080A idle  _OS_TCBInit
 02A4:000E idle  _PC_DispChar
 02A4:004C idle  _PC_DispClrCol
 02A4:0092 idle  _PC_DispClrRow
 02A4:00CB       _PC_DispClrScr
 02A4:00FC idle  _PC_DispStr
 02A4:014B idle  _PC_DOSReturn
 02A4:015F       _PC_DOSSaveReturn
 02A4:01CD idle  _PC_ElapsedInit
 02A4:01E1 idle  _PC_ElapsedStart
 02A4:0207 idle  _PC_ElapsedStop
 02A4:0258 idle  _PC_GetDateTime
 02A4:02AB idle  _PC_GetKey
 02A4:02D2       _PC_SetTickRate
 0662:116E idle  _PC_TickISR
 02A4:031F idle  _PC_VectGet
 02A4:0356       _PC_VectSet
 0662:0500       _printBuffer
 0000:1DD2       _printf
 0000:169B       _putch
 0000:1596       _puttext
 0000:1321 idle  _realloc
 0000:1A0B       _setblock
 0000:1A27       _setjmp
 0000:21B5       _setvbuf
 0000:2312       _sprintf
 0662:0554 idle  _stopAllTask
 0251:0169 idle  _Task
 0662:0094 idle  _task1comp
 0662:0096 idle  _task2comp
 0662:0098 idle  _task3comp
 0251:007C idle  _TaskStart
 0662:056C idle  _TaskStartStk
 0662:0566 idle  _TaskStart_Info
 0662:096C idle  _TaskStk
 0662:055A idle  _Task_Info
 0000:1522 idle  _ungetch
 0000:2334 idle  _vsprintf
 0000:1A9B idle  _wherex
 0000:1AAA idle  _wherey
 0000:1000 idle  __AHINCR
 0000:000C idle  __AHSHIFT
 0662:0208       __atexitcnt
 0662:1D60       __atexittbl
 0000:1418       __brk
 0662:008B       __brklvl
 0662:006B idle  __C0argc
 0662:006D idle  __C0argv
 0000:0E72 idle  __c0crtinit
 0662:0071 idle  __C0environ
 0662:04E5       __cChar
 0000:033B idle  __cexit
 0662:04E4       __cFlag
 0000:016A       __checknull
 0000:0157       __cleanup
 0000:0C5E       __CPUTN
 0000:0E8F idle  __crtinit
 0000:0000  Abs  __cvtfak
 0000:0349 idle  __c_exit
 0662:03D0 idle  __doserrno
 0000:051B idle  __DOSERROR
 0662:03D2 idle  __dosErrorToSV
 0662:0075 idle  __envLng
 0662:0077 idle  __envseg
 0662:0079 idle  __envSize
 0000:0329       __exit
 0662:020A       __exitbuf
 0662:020E idle  __exitfopen
 0662:0212 idle  __exitopen
 0000:1DED idle  __fputc
 0000:1FB2       __FPUTN
 0662:0087       __heapbase
 0662:008F       __heaptop
 0662:005B idle  __Int0Vector
 0662:005F idle  __Int4Vector
 0662:0063 idle  __Int5Vector
 0662:0067 idle  __Int6Vector
 0000:04E2       __IOERROR
 0000:053E       __LONGTOA
 0000:0293 idle  __MMODEL
 0662:03A6       __nfile
 0000:14FB idle  __Ngetche
 0000:151F idle  __Nungetch
 0662:03A8       __openfd
 0662:007D idle  __osmajor
 0662:007E idle  __osminor
 0662:007D idle  __osversion
 0662:007B       __psp
 0000:16B2       __REALCVT
 0662:04EC       __RealCvtVector
 0000:01C0       __restorezero
 0000:1457       __sbrk
 0662:04EE idle  __ScanTodVector
 0000:17EC       __SCREENIO
 0000:189F       __SCROLL
 0000:062A       __setupio
 0662:0081 idle  __StartTime
 0662:042C       __stklen
 0662:0216       __streams
 0000:016B       __terminate
 0000:0000 idle  __turboCrt
 0000:05C0 idle  __UTOA
 0000:1828       __VALIDATEXY
 0662:007D idle  __version
 0662:0498       __video
 0000:0DE7       __VideoInt
 0000:06FC       __VPRINTER
 0000:0BBF       __VPTR
 0000:0BE4       __VRAM
 0000:1A91       __wherexy
 0000:24A6       __write
 0662:0496       __wscroll
 0000:24E2       __xfflush
 0662:0085 idle  ___brklvl
 0000:0F70 idle  ___first
 0000:0F72 idle  ___last
 0000:0F74 idle  ___rover
 0000:2355       ___write

  Address         Publics by Value

 0000:0000 idle  __turboCrt
 0000:0000  Abs  __cvtfak
 0000:000C idle  __AHSHIFT
 0000:0157       __cleanup
 0000:016A       __checknull
 0000:016B       __terminate
 0000:01C0       __restorezero
 0000:027A       _abort
 0000:0291 idle  DGROUP@
 0000:0293 idle  __MMODEL
 0000:0295 idle  _atexit
 0000:031A       _exit
 0000:0329       __exit
 0000:033B idle  __cexit
 0000:0349 idle  __c_exit
 0000:0355       F_LXMUL@
 0000:0355 idle  LXMUL@
 0000:036C       _getdate
 0000:037F       _gettime
 0000:0392 idle  N_LDIV@
 0000:0395 idle  LDIV@
 0000:0395 idle  F_LDIV@
 0000:0399 idle  N_LUDIV@
 0000:039C       F_LUDIV@
 0000:039C idle  LUDIV@
 0000:03A1 idle  N_LMOD@
 0000:03A4 idle  F_LMOD@
 0000:03A4 idle  LMOD@
 0000:03A9 idle  N_LUMOD@
 0000:03AC idle  LUMOD@
 0000:03AC idle  F_LUMOD@
 0000:0440       N_LXLSH@
 0000:0443       F_LXLSH@
 0000:0443 idle  LXLSH@
 0000:0461 idle  N_LXURSH@
 0000:0464       F_LXURSH@
 0000:0464 idle  LXURSH@
 0000:0482       N_PADD@
 0000:0485 idle  F_PADD@
 0000:0485 idle  PADD@
 0000:04B1 idle  N_PSUB@
 0000:04B4 idle  F_PSUB@
 0000:04B4 idle  PSUB@
 0000:04E2       __IOERROR
 0000:051B idle  __DOSERROR
 0000:052D       _isatty
 0000:053E       __LONGTOA
 0000:05C0 idle  __UTOA
 0000:05E0       _lseek
 0000:0609       N_PCMP@
 0000:062A       __setupio
 0000:06FC       __VPRINTER
 0000:0BBF       __VPTR
 0000:0BE4       __VRAM
 0000:0C5E       __CPUTN
 0000:0D90 idle  _cprintf
 0000:0DE7       __VideoInt
 0000:0E72 idle  __c0crtinit
 0000:0E8F idle  __crtinit
 0000:0F70 idle  ___first
 0000:0F72 idle  ___last
 0000:0F74 idle  ___rover
 0000:1000 idle  __AHINCR
 0000:10B0       _free
 0000:10B0 idle  _farfree
 0000:11BA       _malloc
 0000:11C4 idle  _farmalloc
 0000:1321 idle  _realloc
 0000:1328 idle  _farrealloc
 0000:1418       __brk
 0000:1457       __sbrk
 0000:14E2       _getch
 0000:14FB idle  __Ngetche
 0000:14FE idle  _getche
 0000:151F idle  __Nungetch
 0000:1522 idle  _ungetch
 0000:1540       _gettext
 0000:1596       _puttext
 0000:15EC       _kbhit
 0000:15FE       _movetext
 0000:169B       _putch
 0000:16B2       __REALCVT
 0000:17EC       __SCREENIO
 0000:1828       __VALIDATEXY
 0000:189F       __SCROLL
 0000:1A0B       _setblock
 0000:1A27       _setjmp
 0000:1A5D       _longjmp
 0000:1A91       __wherexy
 0000:1A9B idle  _wherex
 0000:1AAA idle  _wherey
 0000:1ABD       _fflush
 0000:1B8A       _flushall
 0000:1C4E       _fseek
 0000:1CCE idle  _ftell
 0000:1DAE       _memcpy
 0000:1DD2       _printf
 0000:1DED idle  __fputc
 0000:1E09 idle  _fputc
 0000:1F9E idle  _fputchar
 0000:1FB2       __FPUTN
 0000:21B5       _setvbuf
 0000:2312       _sprintf
 0000:2334 idle  _vsprintf
 0000:2355       ___write
 0000:24A6       __write
 0000:24E2       __xfflush
 0251:000A       _main
 0251:007C idle  _TaskStart
 0251:0169 idle  _Task
 027A:0002       _OSStartHighRdy
 027A:0020       _OSCtxSw
 027A:005B       _OSIntCtxSw
 027A:0088       _OSTickISR
 0287:0008       _OSInitHookBegin
 0287:0009       _OSInitHookEnd
 0287:000A       _OSTaskCreateHook
 0287:000F       _OSTaskDelHook
 0287:0014       _OSTaskIdleHook
 0287:0015       _OSTaskStatHook
 0287:0016       _OSTaskStkInit
 0287:00FC idle  _OSTaskStkInit_FPE_x86
 0287:01D7       _OSTaskSwHook
 0287:01D8       _OSTCBInitHook
 0287:01DD       _OSTimeTickHook
 02A4:000E idle  _PC_DispChar
 02A4:004C idle  _PC_DispClrCol
 02A4:0092 idle  _PC_DispClrRow
 02A4:00CB       _PC_DispClrScr
 02A4:00FC idle  _PC_DispStr
 02A4:014B idle  _PC_DOSReturn
 02A4:015F       _PC_DOSSaveReturn
 02A4:01CD idle  _PC_ElapsedInit
 02A4:01E1 idle  _PC_ElapsedStart
 02A4:0207 idle  _PC_ElapsedStop
 02A4:0258 idle  _PC_GetDateTime
 02A4:02AB idle  _PC_GetKey
 02A4:02D2       _PC_SetTickRate
 02A4:031F idle  _PC_VectGet
 02A4:0356       _PC_VectSet
 02DC:000B       _OSInit
 02DC:0043 idle  _OSIntEnter
 02DC:0056       _OSIntExit
 02DC:010E       _OSSchedLock
 02DC:0124       _OSSchedUnlock
 02DC:0151       _OSStart
 02DC:01B0 idle  _OSStatInit
 02DC:01EB       _OSTimeTick
 02DC:02E9 idle  _OSVersion
 02DC:02ED idle  _OS_Dummy
 02DC:02EE idle  _OS_EventTaskRdy
 02DC:03B8 idle  _OS_EventTaskWait
 02DC:0425 idle  _OS_EventTO
 02DC:0479 idle  _OS_EventWaitListInit
 02DC:0673 idle  _OS_Sched
 02DC:0719 idle  _OS_TaskIdle
 02DC:073E idle  _OS_TaskStat
 02DC:080A idle  _OS_TCBInit
 02DC:099D idle  _OSFlagAccept
 02DC:0ACF idle  _OSFlagCreate
 02DC:0B47 idle  _OSFlagDel
 02DC:0C89 idle  _OSFlagPend
 02DC:0EE3 idle  _OSFlagPost
 02DC:1083 idle  _OSFlagQuery
 02DC:11A5 idle  _OS_FlagInit
 02DC:1264 idle  _OS_FlagUnlink
 02DC:1313 idle  _OSMboxAccept
 02DC:135E idle  _OSMboxCreate
 02DC:13D3 idle  _OSMboxDel
 02DC:14F1 idle  _OSMboxPend
 02DC:15F3 idle  _OSMboxPost
 02DC:166B idle  _OSMboxPostOpt
 02DC:170E idle  _OSMboxQuery
 02DC:179C idle  _OSMemCreate
 02DC:18E7 idle  _OSMemGet
 02DC:1965 idle  _OSMemPut
 02DC:19D5 idle  _OSMemQuery
 02DC:1A7E idle  _OS_MemInit
 02DC:1B22 idle  _OSMutexAccept
 02DC:1BAD idle  _OSMutexCreate
 02DC:1C93 idle  _OSMutexDel
 02DC:1DED idle  _OSMutexPend
 02DC:1FD8 idle  _OSMutexPost
 02DC:2160 idle  _OSMutexQuery
 02DC:2215 idle  _OSQAccept
 02DC:22B5 idle  _OSQCreate
 02DC:23D8 idle  _OSQDel
 02DC:2555 idle  _OSQFlush
 02DC:25AD idle  _OSQPend
 02DC:26F3 idle  _OSQPost
 02DC:27BB idle  _OSQPostFront
 02DC:287D idle  _OSQPostOpt
 02DC:29BB idle  _OSQQuery
 02DC:2A90 idle  _OS_QInit
 02DC:2AE0 idle  _OSSemAccept
 02DC:2B12 idle  _OSSemCreate
 02DC:2B86 idle  _OSSemDel
 02DC:2CA4 idle  _OSSemPend
 02DC:2D54 idle  _OSSemPost
 02DC:2DAE idle  _OSSemQuery
 02DC:2E34 idle  _OSTaskChangePrio
 02DC:3000 idle  _OSTaskCreate
 02DC:30BD       _OSTaskCreateExt
 02DC:31AD       _OSTaskDel
 02DC:338C idle  _OSTaskDelReq
 02DC:33F8 idle  _OSTaskResume
 02DC:3477 idle  _OSTaskStkChk
 02DC:355C idle  _OSTaskSuspend
 02DC:360A idle  _OSTaskQuery
 02DC:3678       _OSTimeDly
 02DC:36BF idle  _OSTimeDlyHMSM
 02DC:37AE idle  _OSTimeDlyResume
 02DC:3826       _OSTimeGet
 02DC:3845       _OSTimeSet
 0662:0000 idle  DATASEG@
 0662:005B idle  __Int0Vector
 0662:005F idle  __Int4Vector
 0662:0063 idle  __Int5Vector
 0662:0067 idle  __Int6Vector
 0662:006B idle  __C0argc
 0662:006D idle  __C0argv
 0662:0071 idle  __C0environ
 0662:0075 idle  __envLng
 0662:0077 idle  __envseg
 0662:0079 idle  __envSize
 0662:007B       __psp
 0662:007D idle  __osversion
 0662:007D idle  __osmajor
 0662:007D idle  __version
 0662:007E idle  __osminor
 0662:007F       _errno
 0662:0081 idle  __StartTime
 0662:0085 idle  ___brklvl
 0662:0087       __heapbase
 0662:008B       __brklvl
 0662:008F       __heaptop
 0662:0094 idle  _task1comp
 0662:0096 idle  _task2comp
 0662:0098 idle  _task3comp
 0662:0100 idle  _OSMapTbl
 0662:0108 idle  _OSUnMapTbl
 0662:0208       __atexitcnt
 0662:020A       __exitbuf
 0662:020E idle  __exitfopen
 0662:0212 idle  __exitopen
 0662:0216       __streams
 0662:03A6       __nfile
 0662:03A8       __openfd
 0662:03D0 idle  __doserrno
 0662:03D2 idle  __dosErrorToSV
 0662:042C       __stklen
 0662:0496       __wscroll
 0662:0498       __video
 0662:04A7       _directvideo
 0662:04E4       __cFlag
 0662:04E5       __cChar
 0662:04EC       __RealCvtVector
 0662:04EE idle  __ScanTodVector
 0662:0500       _printBuffer
 0662:0554 idle  _stopAllTask
 0662:0556       _deadTask
 0662:0558       _deadTime
 0662:055A idle  _Task_Info
 0662:0566 idle  _TaskStart_Info
 0662:056C idle  _TaskStartStk
 0662:096C idle  _TaskStk
 0662:116C       _OSTickDOSCtr
 0662:116E idle  _PC_TickISR
 0662:118A idle  _OSTime
 0662:118E idle  _OSQTbl
 0662:11BE idle  _OSQFreeList
 0662:11C2 idle  _OSMemTbl
 0662:1226 idle  _OSMemFreeList
 0662:122A idle  _OSTCBTbl
 0662:14C1 idle  _OSTCBPrioTbl
 0662:14F5 idle  _OSTCBList
 0662:14F9       _OSTCBHighRdy
 0662:14FD idle  _OSTCBFreeList
 0662:1501       _OSTCBCur
 0662:1505 idle  _OSTaskIdleStk
 0662:1905 idle  _OSIdleCtr
 0662:1909 idle  _OSTaskCtr
 0662:190A       _OSRunning
 0662:190B idle  _OSRdyTbl
 0662:190D idle  _OSRdyGrp
 0662:190E       _OSPrioHighRdy
 0662:190F       _OSPrioCur
 0662:1910 idle  _OSLockNesting
 0662:1911 idle  _OSIntExitY
 0662:1912       _OSIntNesting
 0662:1913 idle  _OSTaskStatStk
 0662:1D13 idle  _OSStatRdy
 0662:1D14 idle  _OSIdleCtrRun
 0662:1D18 idle  _OSIdleCtrMax
 0662:1D1C idle  _OSCPUUsage
 0662:1D1D idle  _OSFlagFreeList
 0662:1D21 idle  _OSFlagTbl
 0662:1D44 idle  _OSEventTbl
 0662:1D58 idle  _OSEventFreeList
 0662:1D5C idle  _OSCtxSwCtr
 0662:1D60       __atexittbl

Program entry point at 0000:0000

