
 Start  Stop   Length Name               Class

 00000H 02519H 0251AH _TEXT              CODE
 0251AH 02CC9H 007B0H TEST_TEXT          CODE
 02CCAH 02D9FH 000D6H OS_CPU_A_TEXT      CODE
 02DA0H 02F75H 001D6H OS_CPU_C_TEXT      CODE
 02F76H 032F2H 0037DH PC_TEXT            CODE
 032F3H 06AEAH 037F8H UCOS_II_TEXT       CODE
 06AF0H 06AF0H 00000H _FARDATA           FAR_DATA
 06AF0H 06AF0H 00000H _FARBSS            FAR_BSS
 06AF0H 06AF0H 00000H _OVERLAY_          OVRINFO
 06AF0H 06AF0H 00000H _1STUB_            STUBSEG
 06AF0H 07049H 0055AH _DATA              DATA
 0704AH 0704BH 00002H _CVTSEG            DATA
 0704CH 07051H 00006H _SCNSEG            DATA
 07052H 07052H 00000H _CONST             CONST
 07052H 0705DH 0000CH _INIT_             INITDATA
 0705EH 0705EH 00000H _INITEND_          INITDATA
 0705EH 0705EH 00000H _EXIT_             EXITDATA
 0705EH 0705EH 00000H _EXITEND_          EXITDATA
 0705EH 08D37H 01CDAH _BSS               BSS
 08D38H 08D38H 00000H _BSSEND            BSSEND
 08D40H 08DBFH 00080H _STACK             STACK


Detailed map of segments

 0000:0000 0295 C=CODE   S=_TEXT          G=(none)  M=c0.ASM     ACBP=28
 0000:0295 002D C=CODE   S=_TEXT          G=(none)  M=ATEXIT     ACBP=28
 0000:02C2 0093 C=CODE   S=_TEXT          G=(none)  M=EXIT       ACBP=28
 0000:0355 0000 C=CODE   S=_TEXT          G=(none)  M=FILES      ACBP=28
 0000:0355 0000 C=CODE   S=_TEXT          G=(none)  M=FILES2     ACBP=28
 0000:0355 0017 C=CODE   S=_TEXT          G=(none)  M=F_LXMUL    ACBP=28
 0000:036C 0026 C=CODE   S=_TEXT          G=(none)  M=GETDATE    ACBP=28
 0000:0392 00AE C=CODE   S=_TEXT          G=(none)  M=H_LDIV     ACBP=28
 0000:0440 0021 C=CODE   S=_TEXT          G=(none)  M=H_LLSH     ACBP=28
 0000:0461 0021 C=CODE   S=_TEXT          G=(none)  M=H_LURSH    ACBP=28
 0000:0482 0060 C=CODE   S=_TEXT          G=(none)  M=H_PADD     ACBP=28
 0000:04E2 004B C=CODE   S=_TEXT          G=(none)  M=IOERROR    ACBP=28
 0000:052D 0011 C=CODE   S=_TEXT          G=(none)  M=ISATTY     ACBP=28
 0000:053E 00A2 C=CODE   S=_TEXT          G=(none)  M=LONGTOA    ACBP=28
 0000:05E0 0029 C=CODE   S=_TEXT          G=(none)  M=LSEEK      ACBP=28
 0000:0609 0021 C=CODE   S=_TEXT          G=(none)  M=N_PCMP     ACBP=28
 0000:062A 00BA C=CODE   S=_TEXT          G=(none)  M=SETUPIO    ACBP=28
 0000:06E4 0000 C=CODE   S=_TEXT          G=(none)  M=STKLEN     ACBP=28
 0000:06E4 04DB C=CODE   S=_TEXT          G=(none)  M=VPRINTER   ACBP=28
 0000:0BBF 009F C=CODE   S=_TEXT          G=(none)  M=VRAM       ACBP=28
 0000:0C5E 0000 C=CODE   S=_TEXT          G=(none)  M=WSCROLL    ACBP=28
 0000:0C5E 014E C=CODE   S=_TEXT          G=(none)  M=CPRINTF    ACBP=28
 0000:0DAC 01A5 C=CODE   S=_TEXT          G=(none)  M=CRTINIT    ACBP=28
 0000:0F51 001F C=CODE   S=_TEXT          G=(none)  M=CVTFAK     ACBP=28
 0000:0F70 0432 C=CODE   S=_TEXT          G=(none)  M=FARHEAP    ACBP=28
 0000:13A2 0140 C=CODE   S=_TEXT          G=(none)  M=FBRK       ACBP=28
 0000:14E2 005E C=CODE   S=_TEXT          G=(none)  M=GETCH      ACBP=28
 0000:1540 00AC C=CODE   S=_TEXT          G=(none)  M=GPTEXT     ACBP=28
 0000:15EC 0012 C=CODE   S=_TEXT          G=(none)  M=KBHIT      ACBP=28
 0000:15FE 009D C=CODE   S=_TEXT          G=(none)  M=MOVETEXT   ACBP=28
 0000:169B 0017 C=CODE   S=_TEXT          G=(none)  M=PUTCH      ACBP=28
 0000:16B2 0004 C=CODE   S=_TEXT          G=(none)  M=REALCVT    ACBP=28
 0000:16B6 01C7 C=CODE   S=_TEXT          G=(none)  M=SCREEN     ACBP=28
 0000:187D 018E C=CODE   S=_TEXT          G=(none)  M=SCROLL     ACBP=28
 0000:1A0B 001C C=CODE   S=_TEXT          G=(none)  M=SETBLOCK   ACBP=28
 0000:1A27 006A C=CODE   S=_TEXT          G=(none)  M=SETJMP     ACBP=28
 0000:1A91 002C C=CODE   S=_TEXT          G=(none)  M=WHEREXY    ACBP=28
 0000:1ABD 00CD C=CODE   S=_TEXT          G=(none)  M=FFLUSH     ACBP=28
 0000:1B8A 0042 C=CODE   S=_TEXT          G=(none)  M=FLUSHALL   ACBP=28
 0000:1BCC 01E2 C=CODE   S=_TEXT          G=(none)  M=FSEEK      ACBP=28
 0000:1DAE 0024 C=CODE   S=_TEXT          G=(none)  M=MEMCPY     ACBP=28
 0000:1DD2 001B C=CODE   S=_TEXT          G=(none)  M=PRINTF     ACBP=28
 0000:1DED 03C8 C=CODE   S=_TEXT          G=(none)  M=PUTC       ACBP=28
 0000:21B5 011D C=CODE   S=_TEXT          G=(none)  M=SETVBUF    ACBP=28
 0000:22D2 0083 C=CODE   S=_TEXT          G=(none)  M=SPRINTF    ACBP=28
 0000:2355 0151 C=CODE   S=_TEXT          G=(none)  M=WRITE      ACBP=28
 0000:24A6 003C C=CODE   S=_TEXT          G=(none)  M=WRITEA     ACBP=28
 0000:24E2 0038 C=CODE   S=_TEXT          G=(none)  M=XFFLUSH    ACBP=28
 0251:000A 07B0 C=CODE   S=TEST_TEXT      G=(none)  M=test.c     ACBP=28
 02CC:000A 00D6 C=CODE   S=OS_CPU_A_TEXT  G=(none)  M=\SOFTWARE\uCOS-II\Ix86L\BC45\OS_CPU_A.ASM ACBP=48
 02DA:0000 01D6 C=CODE   S=OS_CPU_C_TEXT  G=(none)  M=os_cpu_c.c ACBP=28
 02F7:0006 037D C=CODE   S=PC_TEXT        G=(none)  M=pc.c       ACBP=28
 032F:0003 37F8 C=CODE   S=UCOS_II_TEXT   G=(none)  M=ucos_ii.c  ACBP=28
 06AF:0000 0000 C=FAR_DATA S=_FARDATA       G=(none)  M=c0.ASM     ACBP=68
 06AF:0000 0000 C=FAR_BSS S=_FARBSS        G=(none)  M=c0.ASM     ACBP=68
 06AF:0000 0000 C=OVRINFO S=_OVERLAY_      G=(none)  M=c0.ASM     ACBP=68
 06AF:0000 0000 C=STUBSEG S=_1STUB_        G=(none)  M=c0.ASM     ACBP=68
 06AF:0000 0093 C=DATA   S=_DATA          G=DGROUP  M=c0.ASM     ACBP=68
 06AF:0094 00BA C=DATA   S=_DATA          G=DGROUP  M=test.c     ACBP=48
 06AF:014E 0000 C=DATA   S=_DATA          G=DGROUP  M=\SOFTWARE\uCOS-II\Ix86L\BC45\OS_CPU_A.ASM ACBP=48
 06AF:014E 0000 C=DATA   S=_DATA          G=DGROUP  M=os_cpu_c.c ACBP=48
 06AF:014E 001F C=DATA   S=_DATA          G=DGROUP  M=pc.c       ACBP=48
 06AF:016E 0108 C=DATA   S=_DATA          G=DGROUP  M=ucos_ii.c  ACBP=48
 06AF:0276 0002 C=DATA   S=_DATA          G=DGROUP  M=ATEXIT     ACBP=48
 06AF:0278 000C C=DATA   S=_DATA          G=DGROUP  M=EXIT       ACBP=48
 06AF:0284 0190 C=DATA   S=_DATA          G=DGROUP  M=FILES      ACBP=48
 06AF:0414 002A C=DATA   S=_DATA          G=DGROUP  M=FILES2     ACBP=48
 06AF:043E 0000 C=DATA   S=_DATA          G=DGROUP  M=F_LXMUL    ACBP=48
 06AF:043E 0000 C=DATA   S=_DATA          G=DGROUP  M=GETDATE    ACBP=48
 06AF:043E 0000 C=DATA   S=_DATA          G=DGROUP  M=H_LDIV     ACBP=48
 06AF:043E 0000 C=DATA   S=_DATA          G=DGROUP  M=H_LLSH     ACBP=48
 06AF:043E 0000 C=DATA   S=_DATA          G=DGROUP  M=H_LURSH    ACBP=48
 06AF:043E 0000 C=DATA   S=_DATA          G=DGROUP  M=H_PADD     ACBP=48
 06AF:043E 005B C=DATA   S=_DATA          G=DGROUP  M=IOERROR    ACBP=48
 06AF:049A 0000 C=DATA   S=_DATA          G=DGROUP  M=ISATTY     ACBP=48
 06AF:049A 0000 C=DATA   S=_DATA          G=DGROUP  M=LONGTOA    ACBP=48
 06AF:049A 0000 C=DATA   S=_DATA          G=DGROUP  M=LSEEK      ACBP=48
 06AF:049A 0000 C=DATA   S=_DATA          G=DGROUP  M=N_PCMP     ACBP=48
 06AF:049A 0000 C=DATA   S=_DATA          G=DGROUP  M=SETUPIO    ACBP=48
 06AF:049A 0002 C=DATA   S=_DATA          G=DGROUP  M=STKLEN     ACBP=48
 06AF:049C 0067 C=DATA   S=_DATA          G=DGROUP  M=VPRINTER   ACBP=48
 06AF:0504 0000 C=DATA   S=_DATA          G=DGROUP  M=VRAM       ACBP=48
 06AF:0504 0002 C=DATA   S=_DATA          G=DGROUP  M=WSCROLL    ACBP=48
 06AF:0506 0000 C=DATA   S=_DATA          G=DGROUP  M=CPRINTF    ACBP=48
 06AF:0506 0018 C=DATA   S=_DATA          G=DGROUP  M=CRTINIT    ACBP=48
 06AF:051E 0031 C=DATA   S=_DATA          G=DGROUP  M=CVTFAK     ACBP=48
 06AF:0550 0000 C=DATA   S=_DATA          G=DGROUP  M=FARHEAP    ACBP=48
 06AF:0550 0002 C=DATA   S=_DATA          G=DGROUP  M=FBRK       ACBP=48
 06AF:0552 0000 C=DATA   S=_DATA          G=DGROUP  M=GETCH      ACBP=48
 06AF:0552 0000 C=DATA   S=_DATA          G=DGROUP  M=GPTEXT     ACBP=48
 06AF:0552 0002 C=DATA   S=_DATA          G=DGROUP  M=KBHIT      ACBP=48
 06AF:0554 0000 C=DATA   S=_DATA          G=DGROUP  M=MOVETEXT   ACBP=48
 06AF:0554 0000 C=DATA   S=_DATA          G=DGROUP  M=PUTCH      ACBP=48
 06AF:0554 0000 C=DATA   S=_DATA          G=DGROUP  M=REALCVT    ACBP=48
 06AF:0554 0000 C=DATA   S=_DATA          G=DGROUP  M=SCREEN     ACBP=48
 06AF:0554 0000 C=DATA   S=_DATA          G=DGROUP  M=SCROLL     ACBP=48
 06AF:0554 0000 C=DATA   S=_DATA          G=DGROUP  M=SETBLOCK   ACBP=48
 06AF:0554 0000 C=DATA   S=_DATA          G=DGROUP  M=SETJMP     ACBP=48
 06AF:0554 0000 C=DATA   S=_DATA          G=DGROUP  M=WHEREXY    ACBP=48
 06AF:0554 0000 C=DATA   S=_DATA          G=DGROUP  M=FFLUSH     ACBP=48
 06AF:0554 0000 C=DATA   S=_DATA          G=DGROUP  M=FLUSHALL   ACBP=48
 06AF:0554 0000 C=DATA   S=_DATA          G=DGROUP  M=FSEEK      ACBP=48
 06AF:0554 0000 C=DATA   S=_DATA          G=DGROUP  M=MEMCPY     ACBP=48
 06AF:0554 0000 C=DATA   S=_DATA          G=DGROUP  M=PRINTF     ACBP=48
 06AF:0554 0001 C=DATA   S=_DATA          G=DGROUP  M=PUTC       ACBP=48
 06AF:0556 0004 C=DATA   S=_DATA          G=DGROUP  M=SETVBUF    ACBP=48
 06AF:055A 0000 C=DATA   S=_DATA          G=DGROUP  M=SPRINTF    ACBP=48
 06AF:055A 0000 C=DATA   S=_DATA          G=DGROUP  M=WRITE      ACBP=48
 06AF:055A 0000 C=DATA   S=_DATA          G=DGROUP  M=WRITEA     ACBP=48
 06AF:055A 0000 C=DATA   S=_DATA          G=DGROUP  M=XFFLUSH    ACBP=48
 06AF:055A 0000 C=DATA   S=_CVTSEG        G=DGROUP  M=c0.ASM     ACBP=48
 06AF:055A 0002 C=DATA   S=_CVTSEG        G=DGROUP  M=CVTFAK     ACBP=48
 06AF:055C 0000 C=DATA   S=_CVTSEG        G=DGROUP  M=REALCVT    ACBP=48
 06AF:055C 0000 C=DATA   S=_SCNSEG        G=DGROUP  M=c0.ASM     ACBP=48
 06AF:055C 0006 C=DATA   S=_SCNSEG        G=DGROUP  M=CVTFAK     ACBP=48
 06AF:0562 0000 C=CONST  S=_CONST         G=DGROUP  M=c0.ASM     ACBP=48
 06AF:0562 0000 C=INITDATA S=_INIT_         G=DGROUP  M=c0.ASM     ACBP=48
 06AF:0562 0006 C=INITDATA S=_INIT_         G=DGROUP  M=SETUPIO    ACBP=48
 06AF:0568 0006 C=INITDATA S=_INIT_         G=DGROUP  M=CRTINIT    ACBP=48
 06AF:056E 0000 C=INITDATA S=_INITEND_      G=DGROUP  M=c0.ASM     ACBP=28
 06AF:056E 0000 C=EXITDATA S=_EXIT_         G=DGROUP  M=c0.ASM     ACBP=48
 06AF:056E 0000 C=EXITDATA S=_EXITEND_      G=DGROUP  M=c0.ASM     ACBP=28
 06AF:056E 0000 C=BSS    S=_BSS           G=DGROUP  M=c0.ASM     ACBP=48
 06AF:056E 1064 C=BSS    S=_BSS           G=DGROUP  M=test.c     ACBP=48
 06AF:15D2 0001 C=BSS    S=_BSS           G=DGROUP  M=os_cpu_c.c ACBP=48
 06AF:15D4 001B C=BSS    S=_BSS           G=DGROUP  M=pc.c       ACBP=48
 06AF:15F0 0BD6 C=BSS    S=_BSS           G=DGROUP  M=ucos_ii.c  ACBP=48
 06AF:21C6 0080 C=BSS    S=_BSS           G=DGROUP  M=ATEXIT     ACBP=48
 06AF:2246 0000 C=BSS    S=_BSS           G=DGROUP  M=IOERROR    ACBP=48
 06AF:2246 0000 C=BSS    S=_BSS           G=DGROUP  M=ISATTY     ACBP=48
 06AF:2246 0000 C=BSS    S=_BSS           G=DGROUP  M=LONGTOA    ACBP=48
 06AF:2246 0000 C=BSS    S=_BSS           G=DGROUP  M=LSEEK      ACBP=48
 06AF:2246 0000 C=BSS    S=_BSS           G=DGROUP  M=SETUPIO    ACBP=48
 06AF:2246 0000 C=BSS    S=_BSS           G=DGROUP  M=VPRINTER   ACBP=48
 06AF:2246 0000 C=BSS    S=_BSS           G=DGROUP  M=VRAM       ACBP=48
 06AF:2246 0000 C=BSS    S=_BSS           G=DGROUP  M=CRTINIT    ACBP=48
 06AF:2246 0000 C=BSS    S=_BSS           G=DGROUP  M=GETCH      ACBP=48
 06AF:2246 0000 C=BSS    S=_BSS           G=DGROUP  M=KBHIT      ACBP=48
 06AF:2246 0000 C=BSS    S=_BSS           G=DGROUP  M=SETBLOCK   ACBP=48
 06AF:2246 0000 C=BSS    S=_BSS           G=DGROUP  M=SETJMP     ACBP=48
 06AF:2246 0000 C=BSS    S=_BSS           G=DGROUP  M=MEMCPY     ACBP=48
 06AF:2246 0001 C=BSS    S=_BSS           G=DGROUP  M=PUTC       ACBP=48
 06AF:2248 0000 C=BSS    S=_BSS           G=DGROUP  M=WRITEA     ACBP=48
 06AF:2248 0000 C=BSSEND S=_BSSEND        G=DGROUP  M=c0.ASM     ACBP=28
 08D4:0000 0080 C=STACK  S=_STACK         G=(none)  M=c0.ASM     ACBP=74

  Address         Publics by Name

 06AF:0000 idle  DATASEG@
 0000:0291 idle  DGROUP@
 0000:0395 idle  F_LDIV@
 0000:03A4 idle  F_LMOD@
 0000:039C       F_LUDIV@
 0000:03AC idle  F_LUMOD@
 0000:0443       F_LXLSH@
 0000:0355       F_LXMUL@
 0000:0464       F_LXURSH@
 0000:0485 idle  F_PADD@
 0000:04B4 idle  F_PSUB@
 0000:0395 idle  LDIV@
 0000:03A4 idle  LMOD@
 0000:039C idle  LUDIV@
 0000:03AC idle  LUMOD@
 0000:0443 idle  LXLSH@
 0000:0355 idle  LXMUL@
 0000:0464 idle  LXURSH@
 0000:0392 idle  N_LDIV@
 0000:03A1 idle  N_LMOD@
 0000:0399 idle  N_LUDIV@
 0000:03A9 idle  N_LUMOD@
 0000:0440       N_LXLSH@
 0000:0461 idle  N_LXURSH@
 0000:0482       N_PADD@
 0000:0609       N_PCMP@
 0000:04B1 idle  N_PSUB@
 0000:0485 idle  PADD@
 0000:04B4 idle  PSUB@
 0000:027A       _abort
 0000:0295 idle  _atexit
 0000:0D90 idle  _cprintf
 06AF:0515       _directvideo
 06AF:007F       _errno
 0000:031A       _exit
 0000:10B0 idle  _farfree
 0000:11C4 idle  _farmalloc
 0000:1328 idle  _farrealloc
 0000:1ABD       _fflush
 0000:1B8A       _flushall
 0000:1E09 idle  _fputc
 0000:1F9E idle  _fputchar
 0000:10B0       _free
 0000:1C4E       _fseek
 0000:1CCE idle  _ftell
 0000:14E2       _getch
 0000:14FE idle  _getche
 0000:036C       _getdate
 0000:1540       _gettext
 0000:037F       _gettime
 0000:052D       _isatty
 0000:15EC       _kbhit
 0000:1A5D       _longjmp
 0000:05E0       _lseek
 0251:000A       _main
 0000:11BA       _malloc
 0000:1DAE       _memcpy
 0000:15FE       _movetext
 06AF:2182 idle  _OSCPUUsage
 02CC:0028       _OSCtxSw
 06AF:21C2 idle  _OSCtxSwCtr
 06AF:21BE idle  _OSEventFreeList
 06AF:21AA idle  _OSEventTbl
 032F:0947 idle  _OSFlagAccept
 032F:0A79 idle  _OSFlagCreate
 032F:0AF1 idle  _OSFlagDel
 06AF:2183 idle  _OSFlagFreeList
 032F:0C33 idle  _OSFlagPend
 032F:0E8D idle  _OSFlagPost
 032F:102D idle  _OSFlagQuery
 06AF:2187 idle  _OSFlagTbl
 06AF:1D6B idle  _OSIdleCtr
 06AF:217E idle  _OSIdleCtrMax
 06AF:217A idle  _OSIdleCtrRun
 032F:0003       _OSInit
 02DA:0000       _OSInitHookBegin
 02DA:0001       _OSInitHookEnd
 02CC:0063       _OSIntCtxSw
 032F:003B idle  _OSIntEnter
 032F:004E       _OSIntExit
 06AF:1D77 idle  _OSIntExitY
 06AF:1D78       _OSIntNesting
 06AF:1D76 idle  _OSLockNesting
 06AF:016E idle  _OSMapTbl
 032F:12BD idle  _OSMboxAccept
 032F:1308 idle  _OSMboxCreate
 032F:137D idle  _OSMboxDel
 032F:149B idle  _OSMboxPend
 032F:159D idle  _OSMboxPost
 032F:1615 idle  _OSMboxPostOpt
 032F:16B8 idle  _OSMboxQuery
 032F:1746 idle  _OSMemCreate
 06AF:168C idle  _OSMemFreeList
 032F:1891 idle  _OSMemGet
 032F:190F idle  _OSMemPut
 032F:197F idle  _OSMemQuery
 06AF:1628 idle  _OSMemTbl
 032F:1ACC idle  _OSMutexAccept
 032F:1B57       _OSMutexCreate
 032F:1C3D idle  _OSMutexDel
 032F:1D97       _OSMutexPend
 032F:1F79       _OSMutexPost
 032F:2101 idle  _OSMutexQuery
 06AF:1D75       _OSPrioCur
 06AF:1D74       _OSPrioHighRdy
 032F:21B6 idle  _OSQAccept
 032F:2256 idle  _OSQCreate
 032F:2379 idle  _OSQDel
 032F:24F6 idle  _OSQFlush
 06AF:1624 idle  _OSQFreeList
 032F:254E idle  _OSQPend
 032F:2694 idle  _OSQPost
 032F:275C idle  _OSQPostFront
 032F:281E idle  _OSQPostOpt
 032F:295C idle  _OSQQuery
 06AF:15F4 idle  _OSQTbl
 06AF:1D73 idle  _OSRdyGrp
 06AF:1D71 idle  _OSRdyTbl
 06AF:1D70       _OSRunning
 032F:00C9       _OSSchedLock
 032F:00DF       _OSSchedUnlock
 032F:2A81 idle  _OSSemAccept
 032F:2AB3 idle  _OSSemCreate
 032F:2B27 idle  _OSSemDel
 032F:2C45 idle  _OSSemPend
 032F:2CF5 idle  _OSSemPost
 032F:2D4F idle  _OSSemQuery
 032F:010C       _OSStart
 02CC:000A       _OSStartHighRdy
 032F:016B idle  _OSStatInit
 06AF:2179 idle  _OSStatRdy
 032F:2DD5 idle  _OSTaskChangePrio
 032F:2FA1 idle  _OSTaskCreate
 032F:305E       _OSTaskCreateExt
 02DA:0002       _OSTaskCreateHook
 06AF:1D6F idle  _OSTaskCtr
 032F:314E       _OSTaskDel
 02DA:0007       _OSTaskDelHook
 032F:332D idle  _OSTaskDelReq
 02DA:000C       _OSTaskIdleHook
 06AF:196B idle  _OSTaskIdleStk
 032F:35AB idle  _OSTaskQuery
 032F:3399 idle  _OSTaskResume
 02DA:000D       _OSTaskStatHook
 06AF:1D79 idle  _OSTaskStatStk
 032F:3418 idle  _OSTaskStkChk
 02DA:000E       _OSTaskStkInit
 02DA:00F4 idle  _OSTaskStkInit_FPE_x86
 032F:34FD idle  _OSTaskSuspend
 02DA:01CF       _OSTaskSwHook
 06AF:1967       _OSTCBCur
 06AF:1963 idle  _OSTCBFreeList
 06AF:195F       _OSTCBHighRdy
 02DA:01D0       _OSTCBInitHook
 06AF:195B idle  _OSTCBList
 06AF:1927 idle  _OSTCBPrioTbl
 06AF:1690 idle  _OSTCBTbl
 06AF:15D2       _OSTickDOSCtr
 02CC:0090       _OSTickISR
 06AF:15F0 idle  _OSTime
 032F:3619       _OSTimeDly
 032F:3660 idle  _OSTimeDlyHMSM
 032F:374F idle  _OSTimeDlyResume
 032F:37C7       _OSTimeGet
 032F:37E6       _OSTimeSet
 032F:01A6       _OSTimeTick
 02DA:01D5       _OSTimeTickHook
 06AF:0176 idle  _OSUnMapTbl
 032F:026F idle  _OSVersion
 032F:0273 idle  _OS_Dummy
 032F:0274 idle  _OS_EventTaskRdy
 032F:033E idle  _OS_EventTaskWait
 032F:03AB idle  _OS_EventTO
 032F:03FF idle  _OS_EventWaitListInit
 032F:114F idle  _OS_FlagInit
 032F:120E idle  _OS_FlagUnlink
 032F:1A28 idle  _OS_MemInit
 032F:2A31 idle  _OS_QInit
 032F:05F9 idle  _OS_Sched
 032F:06C3 idle  _OS_TaskIdle
 032F:06E8 idle  _OS_TaskStat
 032F:07B4 idle  _OS_TCBInit
 02F7:0006 idle  _PC_DispChar
 02F7:0044 idle  _PC_DispClrCol
 02F7:008A idle  _PC_DispClrRow
 02F7:00C3       _PC_DispClrScr
 02F7:00F4 idle  _PC_DispStr
 02F7:0143 idle  _PC_DOSReturn
 02F7:0157       _PC_DOSSaveReturn
 02F7:01C5 idle  _PC_ElapsedInit
 02F7:01D9 idle  _PC_ElapsedStart
 02F7:01FF idle  _PC_ElapsedStop
 02F7:0250 idle  _PC_GetDateTime
 02F7:02A3 idle  _PC_GetKey
 02F7:02CA       _PC_SetTickRate
 06AF:15D4 idle  _PC_TickISR
 02F7:0317 idle  _PC_VectGet
 02F7:034E       _PC_VectSet
 06AF:0576       _printBuffer
 0000:1DD2       _printf
 0000:169B       _putch
 0000:1596       _puttext
 06AF:0572 idle  _r1
 06AF:056E idle  _r2
 0000:1321 idle  _realloc
 0000:1A0B       _setblock
 0000:1A27       _setjmp
 0000:21B5       _setvbuf
 0000:2312       _sprintf
 0251:0202 idle  _Task1
 0251:0492 idle  _Task2
 0251:062B idle  _Task3
 0251:00A3 idle  _TaskStart
 06AF:05D2 idle  _TaskStartStk
 06AF:05D0 idle  _TaskStart_Info
 06AF:09D2 idle  _TaskStk
 06AF:05CA idle  _Task_Info
 0000:1522 idle  _ungetch
 0000:2334 idle  _vsprintf
 0000:1A9B idle  _wherex
 0000:1AAA idle  _wherey
 0000:1000 idle  __AHINCR
 0000:000C idle  __AHSHIFT
 06AF:0276       __atexitcnt
 06AF:21C6       __atexittbl
 0000:1418       __brk
 06AF:008B       __brklvl
 06AF:006B idle  __C0argc
 06AF:006D idle  __C0argv
 0000:0E72 idle  __c0crtinit
 06AF:0071 idle  __C0environ
 06AF:0553       __cChar
 0000:033B idle  __cexit
 06AF:0552       __cFlag
 0000:016A       __checknull
 0000:0157       __cleanup
 0000:0C5E       __CPUTN
 0000:0E8F idle  __crtinit
 0000:0000  Abs  __cvtfak
 0000:0349 idle  __c_exit
 06AF:043E idle  __doserrno
 0000:051B idle  __DOSERROR
 06AF:0440 idle  __dosErrorToSV
 06AF:0075 idle  __envLng
 06AF:0077 idle  __envseg
 06AF:0079 idle  __envSize
 0000:0329       __exit
 06AF:0278       __exitbuf
 06AF:027C idle  __exitfopen
 06AF:0280 idle  __exitopen
 0000:1DED idle  __fputc
 0000:1FB2       __FPUTN
 06AF:0087       __heapbase
 06AF:008F       __heaptop
 06AF:005B idle  __Int0Vector
 06AF:005F idle  __Int4Vector
 06AF:0063 idle  __Int5Vector
 06AF:0067 idle  __Int6Vector
 0000:04E2       __IOERROR
 0000:053E       __LONGTOA
 0000:0293 idle  __MMODEL
 06AF:0414       __nfile
 0000:14FB idle  __Ngetche
 0000:151F idle  __Nungetch
 06AF:0416       __openfd
 06AF:007D idle  __osmajor
 06AF:007E idle  __osminor
 06AF:007D idle  __osversion
 06AF:007B       __psp
 0000:16B2       __REALCVT
 06AF:055A       __RealCvtVector
 0000:01C0       __restorezero
 0000:1457       __sbrk
 06AF:055C idle  __ScanTodVector
 0000:17EC       __SCREENIO
 0000:189F       __SCROLL
 0000:062A       __setupio
 06AF:0081 idle  __StartTime
 06AF:049A       __stklen
 06AF:0284       __streams
 0000:016B       __terminate
 0000:0000 idle  __turboCrt
 0000:05C0 idle  __UTOA
 0000:1828       __VALIDATEXY
 06AF:007D idle  __version
 06AF:0506       __video
 0000:0DE7       __VideoInt
 0000:06FC       __VPRINTER
 0000:0BBF       __VPTR
 0000:0BE4       __VRAM
 0000:1A91       __wherexy
 0000:24A6       __write
 06AF:0504       __wscroll
 0000:24E2       __xfflush
 06AF:0085 idle  ___brklvl
 0000:0F70 idle  ___first
 0000:0F72 idle  ___last
 0000:0F74 idle  ___rover
 0000:2355       ___write

  Address         Publics by Value

 0000:0000 idle  __turboCrt
 0000:0000  Abs  __cvtfak
 0000:000C idle  __AHSHIFT
 0000:0157       __cleanup
 0000:016A       __checknull
 0000:016B       __terminate
 0000:01C0       __restorezero
 0000:027A       _abort
 0000:0291 idle  DGROUP@
 0000:0293 idle  __MMODEL
 0000:0295 idle  _atexit
 0000:031A       _exit
 0000:0329       __exit
 0000:033B idle  __cexit
 0000:0349 idle  __c_exit
 0000:0355       F_LXMUL@
 0000:0355 idle  LXMUL@
 0000:036C       _getdate
 0000:037F       _gettime
 0000:0392 idle  N_LDIV@
 0000:0395 idle  LDIV@
 0000:0395 idle  F_LDIV@
 0000:0399 idle  N_LUDIV@
 0000:039C       F_LUDIV@
 0000:039C idle  LUDIV@
 0000:03A1 idle  N_LMOD@
 0000:03A4 idle  F_LMOD@
 0000:03A4 idle  LMOD@
 0000:03A9 idle  N_LUMOD@
 0000:03AC idle  LUMOD@
 0000:03AC idle  F_LUMOD@
 0000:0440       N_LXLSH@
 0000:0443       F_LXLSH@
 0000:0443 idle  LXLSH@
 0000:0461 idle  N_LXURSH@
 0000:0464       F_LXURSH@
 0000:0464 idle  LXURSH@
 0000:0482       N_PADD@
 0000:0485 idle  F_PADD@
 0000:0485 idle  PADD@
 0000:04B1 idle  N_PSUB@
 0000:04B4 idle  F_PSUB@
 0000:04B4 idle  PSUB@
 0000:04E2       __IOERROR
 0000:051B idle  __DOSERROR
 0000:052D       _isatty
 0000:053E       __LONGTOA
 0000:05C0 idle  __UTOA
 0000:05E0       _lseek
 0000:0609       N_PCMP@
 0000:062A       __setupio
 0000:06FC       __VPRINTER
 0000:0BBF       __VPTR
 0000:0BE4       __VRAM
 0000:0C5E       __CPUTN
 0000:0D90 idle  _cprintf
 0000:0DE7       __VideoInt
 0000:0E72 idle  __c0crtinit
 0000:0E8F idle  __crtinit
 0000:0F70 idle  ___first
 0000:0F72 idle  ___last
 0000:0F74 idle  ___rover
 0000:1000 idle  __AHINCR
 0000:10B0       _free
 0000:10B0 idle  _farfree
 0000:11BA       _malloc
 0000:11C4 idle  _farmalloc
 0000:1321 idle  _realloc
 0000:1328 idle  _farrealloc
 0000:1418       __brk
 0000:1457       __sbrk
 0000:14E2       _getch
 0000:14FB idle  __Ngetche
 0000:14FE idle  _getche
 0000:151F idle  __Nungetch
 0000:1522 idle  _ungetch
 0000:1540       _gettext
 0000:1596       _puttext
 0000:15EC       _kbhit
 0000:15FE       _movetext
 0000:169B       _putch
 0000:16B2       __REALCVT
 0000:17EC       __SCREENIO
 0000:1828       __VALIDATEXY
 0000:189F       __SCROLL
 0000:1A0B       _setblock
 0000:1A27       _setjmp
 0000:1A5D       _longjmp
 0000:1A91       __wherexy
 0000:1A9B idle  _wherex
 0000:1AAA idle  _wherey
 0000:1ABD       _fflush
 0000:1B8A       _flushall
 0000:1C4E       _fseek
 0000:1CCE idle  _ftell
 0000:1DAE       _memcpy
 0000:1DD2       _printf
 0000:1DED idle  __fputc
 0000:1E09 idle  _fputc
 0000:1F9E idle  _fputchar
 0000:1FB2       __FPUTN
 0000:21B5       _setvbuf
 0000:2312       _sprintf
 0000:2334 idle  _vsprintf
 0000:2355       ___write
 0000:24A6       __write
 0000:24E2       __xfflush
 0251:000A       _main
 0251:00A3 idle  _TaskStart
 0251:0202 idle  _Task1
 0251:0492 idle  _Task2
 0251:062B idle  _Task3
 02CC:000A       _OSStartHighRdy
 02CC:0028       _OSCtxSw
 02CC:0063       _OSIntCtxSw
 02CC:0090       _OSTickISR
 02DA:0000       _OSInitHookBegin
 02DA:0001       _OSInitHookEnd
 02DA:0002       _OSTaskCreateHook
 02DA:0007       _OSTaskDelHook
 02DA:000C       _OSTaskIdleHook
 02DA:000D       _OSTaskStatHook
 02DA:000E       _OSTaskStkInit
 02DA:00F4 idle  _OSTaskStkInit_FPE_x86
 02DA:01CF       _OSTaskSwHook
 02DA:01D0       _OSTCBInitHook
 02DA:01D5       _OSTimeTickHook
 02F7:0006 idle  _PC_DispChar
 02F7:0044 idle  _PC_DispClrCol
 02F7:008A idle  _PC_DispClrRow
 02F7:00C3       _PC_DispClrScr
 02F7:00F4 idle  _PC_DispStr
 02F7:0143 idle  _PC_DOSReturn
 02F7:0157       _PC_DOSSaveReturn
 02F7:01C5 idle  _PC_ElapsedInit
 02F7:01D9 idle  _PC_ElapsedStart
 02F7:01FF idle  _PC_ElapsedStop
 02F7:0250 idle  _PC_GetDateTime
 02F7:02A3 idle  _PC_GetKey
 02F7:02CA       _PC_SetTickRate
 02F7:0317 idle  _PC_VectGet
 02F7:034E       _PC_VectSet
 032F:0003       _OSInit
 032F:003B idle  _OSIntEnter
 032F:004E       _OSIntExit
 032F:00C9       _OSSchedLock
 032F:00DF       _OSSchedUnlock
 032F:010C       _OSStart
 032F:016B idle  _OSStatInit
 032F:01A6       _OSTimeTick
 032F:026F idle  _OSVersion
 032F:0273 idle  _OS_Dummy
 032F:0274 idle  _OS_EventTaskRdy
 032F:033E idle  _OS_EventTaskWait
 032F:03AB idle  _OS_EventTO
 032F:03FF idle  _OS_EventWaitListInit
 032F:05F9 idle  _OS_Sched
 032F:06C3 idle  _OS_TaskIdle
 032F:06E8 idle  _OS_TaskStat
 032F:07B4 idle  _OS_TCBInit
 032F:0947 idle  _OSFlagAccept
 032F:0A79 idle  _OSFlagCreate
 032F:0AF1 idle  _OSFlagDel
 032F:0C33 idle  _OSFlagPend
 032F:0E8D idle  _OSFlagPost
 032F:102D idle  _OSFlagQuery
 032F:114F idle  _OS_FlagInit
 032F:120E idle  _OS_FlagUnlink
 032F:12BD idle  _OSMboxAccept
 032F:1308 idle  _OSMboxCreate
 032F:137D idle  _OSMboxDel
 032F:149B idle  _OSMboxPend
 032F:159D idle  _OSMboxPost
 032F:1615 idle  _OSMboxPostOpt
 032F:16B8 idle  _OSMboxQuery
 032F:1746 idle  _OSMemCreate
 032F:1891 idle  _OSMemGet
 032F:190F idle  _OSMemPut
 032F:197F idle  _OSMemQuery
 032F:1A28 idle  _OS_MemInit
 032F:1ACC idle  _OSMutexAccept
 032F:1B57       _OSMutexCreate
 032F:1C3D idle  _OSMutexDel
 032F:1D97       _OSMutexPend
 032F:1F79       _OSMutexPost
 032F:2101 idle  _OSMutexQuery
 032F:21B6 idle  _OSQAccept
 032F:2256 idle  _OSQCreate
 032F:2379 idle  _OSQDel
 032F:24F6 idle  _OSQFlush
 032F:254E idle  _OSQPend
 032F:2694 idle  _OSQPost
 032F:275C idle  _OSQPostFront
 032F:281E idle  _OSQPostOpt
 032F:295C idle  _OSQQuery
 032F:2A31 idle  _OS_QInit
 032F:2A81 idle  _OSSemAccept
 032F:2AB3 idle  _OSSemCreate
 032F:2B27 idle  _OSSemDel
 032F:2C45 idle  _OSSemPend
 032F:2CF5 idle  _OSSemPost
 032F:2D4F idle  _OSSemQuery
 032F:2DD5 idle  _OSTaskChangePrio
 032F:2FA1 idle  _OSTaskCreate
 032F:305E       _OSTaskCreateExt
 032F:314E       _OSTaskDel
 032F:332D idle  _OSTaskDelReq
 032F:3399 idle  _OSTaskResume
 032F:3418 idle  _OSTaskStkChk
 032F:34FD idle  _OSTaskSuspend
 032F:35AB idle  _OSTaskQuery
 032F:3619       _OSTimeDly
 032F:3660 idle  _OSTimeDlyHMSM
 032F:374F idle  _OSTimeDlyResume
 032F:37C7       _OSTimeGet
 032F:37E6       _OSTimeSet
 06AF:0000 idle  DATASEG@
 06AF:005B idle  __Int0Vector
 06AF:005F idle  __Int4Vector
 06AF:0063 idle  __Int5Vector
 06AF:0067 idle  __Int6Vector
 06AF:006B idle  __C0argc
 06AF:006D idle  __C0argv
 06AF:0071 idle  __C0environ
 06AF:0075 idle  __envLng
 06AF:0077 idle  __envseg
 06AF:0079 idle  __envSize
 06AF:007B       __psp
 06AF:007D idle  __osversion
 06AF:007D idle  __osmajor
 06AF:007D idle  __version
 06AF:007E idle  __osminor
 06AF:007F       _errno
 06AF:0081 idle  __StartTime
 06AF:0085 idle  ___brklvl
 06AF:0087       __heapbase
 06AF:008B       __brklvl
 06AF:008F       __heaptop
 06AF:016E idle  _OSMapTbl
 06AF:0176 idle  _OSUnMapTbl
 06AF:0276       __atexitcnt
 06AF:0278       __exitbuf
 06AF:027C idle  __exitfopen
 06AF:0280 idle  __exitopen
 06AF:0284       __streams
 06AF:0414       __nfile
 06AF:0416       __openfd
 06AF:043E idle  __doserrno
 06AF:0440 idle  __dosErrorToSV
 06AF:049A       __stklen
 06AF:0504       __wscroll
 06AF:0506       __video
 06AF:0515       _directvideo
 06AF:0552       __cFlag
 06AF:0553       __cChar
 06AF:055A       __RealCvtVector
 06AF:055C idle  __ScanTodVector
 06AF:056E idle  _r2
 06AF:0572 idle  _r1
 06AF:0576       _printBuffer
 06AF:05CA idle  _Task_Info
 06AF:05D0 idle  _TaskStart_Info
 06AF:05D2 idle  _TaskStartStk
 06AF:09D2 idle  _TaskStk
 06AF:15D2       _OSTickDOSCtr
 06AF:15D4 idle  _PC_TickISR
 06AF:15F0 idle  _OSTime
 06AF:15F4 idle  _OSQTbl
 06AF:1624 idle  _OSQFreeList
 06AF:1628 idle  _OSMemTbl
 06AF:168C idle  _OSMemFreeList
 06AF:1690 idle  _OSTCBTbl
 06AF:1927 idle  _OSTCBPrioTbl
 06AF:195B idle  _OSTCBList
 06AF:195F       _OSTCBHighRdy
 06AF:1963 idle  _OSTCBFreeList
 06AF:1967       _OSTCBCur
 06AF:196B idle  _OSTaskIdleStk
 06AF:1D6B idle  _OSIdleCtr
 06AF:1D6F idle  _OSTaskCtr
 06AF:1D70       _OSRunning
 06AF:1D71 idle  _OSRdyTbl
 06AF:1D73 idle  _OSRdyGrp
 06AF:1D74       _OSPrioHighRdy
 06AF:1D75       _OSPrioCur
 06AF:1D76 idle  _OSLockNesting
 06AF:1D77 idle  _OSIntExitY
 06AF:1D78       _OSIntNesting
 06AF:1D79 idle  _OSTaskStatStk
 06AF:2179 idle  _OSStatRdy
 06AF:217A idle  _OSIdleCtrRun
 06AF:217E idle  _OSIdleCtrMax
 06AF:2182 idle  _OSCPUUsage
 06AF:2183 idle  _OSFlagFreeList
 06AF:2187 idle  _OSFlagTbl
 06AF:21AA idle  _OSEventTbl
 06AF:21BE idle  _OSEventFreeList
 06AF:21C2 idle  _OSCtxSwCtr
 06AF:21C6       __atexittbl

Program entry point at 0000:0000

